08:17:00 **** Incremental Build of configuration Debug for project stm32 ****
make -j4 all 
arm-none-eabi-gcc "../Drivers/STM32F1xx_HAL_Driver/Src/stm32f1xx_hal.c" -mcpu=cortex-m3 -std=gnu11 -g3 -DDEBUG -DUSE_HAL_DRIVER -DSTM32F103xB -c -I../Core/Inc -I../Drivers/STM32F1xx_HAL_Driver/Inc -I../Drivers/STM32F1xx_HAL_Driver/Inc/Legacy -I../Drivers/CMSIS/Device/ST/STM32F1xx/Include -I../Drivers/CMSIS/Include -O0 -ffunction-sections -fdata-sections -Wall -fstack-usage -MMD -MP -MF"Drivers/STM32F1xx_HAL_Driver/Src/stm32f1xx_hal.d" -MT"Drivers/STM32F1xx_HAL_Driver/Src/stm32f1xx_hal.o" --specs=nano.specs -mfloat-abi=soft -mthumb -o "Drivers/STM32F1xx_HAL_Driver/Src/stm32f1xx_hal.o"
arm-none-eabi-gcc "../Drivers/STM32F1xx_HAL_Driver/Src/stm32f1xx_hal_cortex.c" -mcpu=cortex-m3 -std=gnu11 -g3 -DDEBUG -DUSE_HAL_DRIVER -DSTM32F103xB -c -I../Core/Inc -I../Drivers/STM32F1xx_HAL_Driver/Inc -I../Drivers/STM32F1xx_HAL_Driver/Inc/Legacy -I../Drivers/CMSIS/Device/ST/STM32F1xx/Include -I../Drivers/CMSIS/Include -O0 -ffunction-sections -fdata-sections -Wall -fstack-usage -MMD -MP -MF"Drivers/STM32F1xx_HAL_Driver/Src/stm32f1xx_hal_cortex.d" -MT"Drivers/STM32F1xx_HAL_Driver/Src/stm32f1xx_hal_cortex.o" --specs=nano.specs -mfloat-abi=soft -mthumb -o "Drivers/STM32F1xx_HAL_Driver/Src/stm32f1xx_hal_cortex.o"
arm-none-eabi-gcc "../Drivers/STM32F1xx_HAL_Driver/Src/stm32f1xx_hal_dma.c" -mcpu=cortex-m3 -std=gnu11 -g3 -DDEBUG -DUSE_HAL_DRIVER -DSTM32F103xB -c -I../Core/Inc -I../Drivers/STM32F1xx_HAL_Driver/Inc -I../Drivers/STM32F1xx_HAL_Driver/Inc/Legacy -I../Drivers/CMSIS/Device/ST/STM32F1xx/Include -I../Drivers/CMSIS/Include -O0 -ffunction-sections -fdata-sections -Wall -fstack-usage -MMD -MP -MF"Drivers/STM32F1xx_HAL_Driver/Src/stm32f1xx_hal_dma.d" -MT"Drivers/STM32F1xx_HAL_Driver/Src/stm32f1xx_hal_dma.o" --specs=nano.specs -mfloat-abi=soft -mthumb -o "Drivers/STM32F1xx_HAL_Driver/Src/stm32f1xx_hal_dma.o"
arm-none-eabi-gcc "../Drivers/STM32F1xx_HAL_Driver/Src/stm32f1xx_hal_exti.c" -mcpu=cortex-m3 -std=gnu11 -g3 -DDEBUG -DUSE_HAL_DRIVER -DSTM32F103xB -c -I../Core/Inc -I../Drivers/STM32F1xx_HAL_Driver/Inc -I../Drivers/STM32F1xx_HAL_Driver/Inc/Legacy -I../Drivers/CMSIS/Device/ST/STM32F1xx/Include -I../Drivers/CMSIS/Include -O0 -ffunction-sections -fdata-sections -Wall -fstack-usage -MMD -MP -MF"Drivers/STM32F1xx_HAL_Driver/Src/stm32f1xx_hal_exti.d" -MT"Drivers/STM32F1xx_HAL_Driver/Src/stm32f1xx_hal_exti.o" --specs=nano.specs -mfloat-abi=soft -mthumb -o "Drivers/STM32F1xx_HAL_Driver/Src/stm32f1xx_hal_exti.o"
arm-none-eabi-gcc "../Drivers/STM32F1xx_HAL_Driver/Src/stm32f1xx_hal_flash.c" -mcpu=cortex-m3 -std=gnu11 -g3 -DDEBUG -DUSE_HAL_DRIVER -DSTM32F103xB -c -I../Core/Inc -I../Drivers/STM32F1xx_HAL_Driver/Inc -I../Drivers/STM32F1xx_HAL_Driver/Inc/Legacy -I../Drivers/CMSIS/Device/ST/STM32F1xx/Include -I../Drivers/CMSIS/Include -O0 -ffunction-sections -fdata-sections -Wall -fstack-usage -MMD -MP -MF"Drivers/STM32F1xx_HAL_Driver/Src/stm32f1xx_hal_flash.d" -MT"Drivers/STM32F1xx_HAL_Driver/Src/stm32f1xx_hal_flash.o" --specs=nano.specs -mfloat-abi=soft -mthumb -o "Drivers/STM32F1xx_HAL_Driver/Src/stm32f1xx_hal_flash.o"
arm-none-eabi-gcc "../Drivers/STM32F1xx_HAL_Driver/Src/stm32f1xx_hal_flash_ex.c" -mcpu=cortex-m3 -std=gnu11 -g3 -DDEBUG -DUSE_HAL_DRIVER -DSTM32F103xB -c -I../Core/Inc -I../Drivers/STM32F1xx_HAL_Driver/Inc -I../Drivers/STM32F1xx_HAL_Driver/Inc/Legacy -I../Drivers/CMSIS/Device/ST/STM32F1xx/Include -I../Drivers/CMSIS/Include -O0 -ffunction-sections -fdata-sections -Wall -fstack-usage -MMD -MP -MF"Drivers/STM32F1xx_HAL_Driver/Src/stm32f1xx_hal_flash_ex.d" -MT"Drivers/STM32F1xx_HAL_Driver/Src/stm32f1xx_hal_flash_ex.o" --specs=nano.specs -mfloat-abi=soft -mthumb -o "Drivers/STM32F1xx_HAL_Driver/Src/stm32f1xx_hal_flash_ex.o"
arm-none-eabi-gcc "../Drivers/STM32F1xx_HAL_Driver/Src/stm32f1xx_hal_gpio.c" -mcpu=cortex-m3 -std=gnu11 -g3 -DDEBUG -DUSE_HAL_DRIVER -DSTM32F103xB -c -I../Core/Inc -I../Drivers/STM32F1xx_HAL_Driver/Inc -I../Drivers/STM32F1xx_HAL_Driver/Inc/Legacy -I../Drivers/CMSIS/Device/ST/STM32F1xx/Include -I../Drivers/CMSIS/Include -O0 -ffunction-sections -fdata-sections -Wall -fstack-usage -MMD -MP -MF"Drivers/STM32F1xx_HAL_Driver/Src/stm32f1xx_hal_gpio.d" -MT"Drivers/STM32F1xx_HAL_Driver/Src/stm32f1xx_hal_gpio.o" --specs=nano.specs -mfloat-abi=soft -mthumb -o "Drivers/STM32F1xx_HAL_Driver/Src/stm32f1xx_hal_gpio.o"
arm-none-eabi-gcc "../Drivers/STM32F1xx_HAL_Driver/Src/stm32f1xx_hal_gpio_ex.c" -mcpu=cortex-m3 -std=gnu11 -g3 -DDEBUG -DUSE_HAL_DRIVER -DSTM32F103xB -c -I../Core/Inc -I../Drivers/STM32F1xx_HAL_Driver/Inc -I../Drivers/STM32F1xx_HAL_Driver/Inc/Legacy -I../Drivers/CMSIS/Device/ST/STM32F1xx/Include -I../Drivers/CMSIS/Include -O0 -ffunction-sections -fdata-sections -Wall -fstack-usage -MMD -MP -MF"Drivers/STM32F1xx_HAL_Driver/Src/stm32f1xx_hal_gpio_ex.d" -MT"Drivers/STM32F1xx_HAL_Driver/Src/stm32f1xx_hal_gpio_ex.o" --specs=nano.specs -mfloat-abi=soft -mthumb -o "Drivers/STM32F1xx_HAL_Driver/Src/stm32f1xx_hal_gpio_ex.o"
arm-none-eabi-gcc "../Drivers/STM32F1xx_HAL_Driver/Src/stm32f1xx_hal_pwr.c" -mcpu=cortex-m3 -std=gnu11 -g3 -DDEBUG -DUSE_HAL_DRIVER -DSTM32F103xB -c -I../Core/Inc -I../Drivers/STM32F1xx_HAL_Driver/Inc -I../Drivers/STM32F1xx_HAL_Driver/Inc/Legacy -I../Drivers/CMSIS/Device/ST/STM32F1xx/Include -I../Drivers/CMSIS/Include -O0 -ffunction-sections -fdata-sections -Wall -fstack-usage -MMD -MP -MF"Drivers/STM32F1xx_HAL_Driver/Src/stm32f1xx_hal_pwr.d" -MT"Drivers/STM32F1xx_HAL_Driver/Src/stm32f1xx_hal_pwr.o" --specs=nano.specs -mfloat-abi=soft -mthumb -o "Drivers/STM32F1xx_HAL_Driver/Src/stm32f1xx_hal_pwr.o"
arm-none-eabi-gcc "../Drivers/STM32F1xx_HAL_Driver/Src/stm32f1xx_hal_rcc.c" -mcpu=cortex-m3 -std=gnu11 -g3 -DDEBUG -DUSE_HAL_DRIVER -DSTM32F103xB -c -I../Core/Inc -I../Drivers/STM32F1xx_HAL_Driver/Inc -I../Drivers/STM32F1xx_HAL_Driver/Inc/Legacy -I../Drivers/CMSIS/Device/ST/STM32F1xx/Include -I../Drivers/CMSIS/Include -O0 -ffunction-sections -fdata-sections -Wall -fstack-usage -MMD -MP -MF"Drivers/STM32F1xx_HAL_Driver/Src/stm32f1xx_hal_rcc.d" -MT"Drivers/STM32F1xx_HAL_Driver/Src/stm32f1xx_hal_rcc.o" --specs=nano.specs -mfloat-abi=soft -mthumb -o "Drivers/STM32F1xx_HAL_Driver/Src/stm32f1xx_hal_rcc.o"
arm-none-eabi-gcc "../Drivers/STM32F1xx_HAL_Driver/Src/stm32f1xx_hal_rcc_ex.c" -mcpu=cortex-m3 -std=gnu11 -g3 -DDEBUG -DUSE_HAL_DRIVER -DSTM32F103xB -c -I../Core/Inc -I../Drivers/STM32F1xx_HAL_Driver/Inc -I../Drivers/STM32F1xx_HAL_Driver/Inc/Legacy -I../Drivers/CMSIS/Device/ST/STM32F1xx/Include -I../Drivers/CMSIS/Include -O0 -ffunction-sections -fdata-sections -Wall -fstack-usage -MMD -MP -MF"Drivers/STM32F1xx_HAL_Driver/Src/stm32f1xx_hal_rcc_ex.d" -MT"Drivers/STM32F1xx_HAL_Driver/Src/stm32f1xx_hal_rcc_ex.o" --specs=nano.specs -mfloat-abi=soft -mthumb -o "Drivers/STM32F1xx_HAL_Driver/Src/stm32f1xx_hal_rcc_ex.o"
arm-none-eabi-gcc "../Drivers/STM32F1xx_HAL_Driver/Src/stm32f1xx_hal_tim.c" -mcpu=cortex-m3 -std=gnu11 -g3 -DDEBUG -DUSE_HAL_DRIVER -DSTM32F103xB -c -I../Core/Inc -I../Drivers/STM32F1xx_HAL_Driver/Inc -I../Drivers/STM32F1xx_HAL_Driver/Inc/Legacy -I../Drivers/CMSIS/Device/ST/STM32F1xx/Include -I../Drivers/CMSIS/Include -O0 -ffunction-sections -fdata-sections -Wall -fstack-usage -MMD -MP -MF"Drivers/STM32F1xx_HAL_Driver/Src/stm32f1xx_hal_tim.d" -MT"Drivers/STM32F1xx_HAL_Driver/Src/stm32f1xx_hal_tim.o" --specs=nano.specs -mfloat-abi=soft -mthumb -o "Drivers/STM32F1xx_HAL_Driver/Src/stm32f1xx_hal_tim.o"
arm-none-eabi-gcc "../Drivers/STM32F1xx_HAL_Driver/Src/stm32f1xx_hal_tim_ex.c" -mcpu=cortex-m3 -std=gnu11 -g3 -DDEBUG -DUSE_HAL_DRIVER -DSTM32F103xB -c -I../Core/Inc -I../Drivers/STM32F1xx_HAL_Driver/Inc -I../Drivers/STM32F1xx_HAL_Driver/Inc/Legacy -I../Drivers/CMSIS/Device/ST/STM32F1xx/Include -I../Drivers/CMSIS/Include -O0 -ffunction-sections -fdata-sections -Wall -fstack-usage -MMD -MP -MF"Drivers/STM32F1xx_HAL_Driver/Src/stm32f1xx_hal_tim_ex.d" -MT"Drivers/STM32F1xx_HAL_Driver/Src/stm32f1xx_hal_tim_ex.o" --specs=nano.specs -mfloat-abi=soft -mthumb -o "Drivers/STM32F1xx_HAL_Driver/Src/stm32f1xx_hal_tim_ex.o"
arm-none-eabi-gcc "../Drivers/STM32F1xx_HAL_Driver/Src/stm32f1xx_hal_uart.c" -mcpu=cortex-m3 -std=gnu11 -g3 -DDEBUG -DUSE_HAL_DRIVER -DSTM32F103xB -c -I../Core/Inc -I../Drivers/STM32F1xx_HAL_Driver/Inc -I../Drivers/STM32F1xx_HAL_Driver/Inc/Legacy -I../Drivers/CMSIS/Device/ST/STM32F1xx/Include -I../Drivers/CMSIS/Include -O0 -ffunction-sections -fdata-sections -Wall -fstack-usage -MMD -MP -MF"Drivers/STM32F1xx_HAL_Driver/Src/stm32f1xx_hal_uart.d" -MT"Drivers/STM32F1xx_HAL_Driver/Src/stm32f1xx_hal_uart.o" --specs=nano.specs -mfloat-abi=soft -mthumb -o "Drivers/STM32F1xx_HAL_Driver/Src/stm32f1xx_hal_uart.o"
arm-none-eabi-gcc "../Core/Src/button.c" -mcpu=cortex-m3 -std=gnu11 -g3 -DDEBUG -DUSE_HAL_DRIVER -DSTM32F103xB -c -I../Core/Inc -I../Drivers/STM32F1xx_HAL_Driver/Inc -I../Drivers/STM32F1xx_HAL_Driver/Inc/Legacy -I../Drivers/CMSIS/Device/ST/STM32F1xx/Include -I../Drivers/CMSIS/Include -O0 -ffunction-sections -fdata-sections -Wall -fstack-usage -MMD -MP -MF"Core/Src/button.d" -MT"Core/Src/button.o" --specs=nano.specs -mfloat-abi=soft -mthumb -o "Core/Src/button.o"
arm-none-eabi-gcc "../Core/Src/main.c" -mcpu=cortex-m3 -std=gnu11 -g3 -DDEBUG -DUSE_HAL_DRIVER -DSTM32F103xB -c -I../Core/Inc -I../Drivers/STM32F1xx_HAL_Driver/Inc -I../Drivers/STM32F1xx_HAL_Driver/Inc/Legacy -I../Drivers/CMSIS/Device/ST/STM32F1xx/Include -I../Drivers/CMSIS/Include -O0 -ffunction-sections -fdata-sections -Wall -fstack-usage -MMD -MP -MF"Core/Src/main.d" -MT"Core/Src/main.o" --specs=nano.specs -mfloat-abi=soft -mthumb -o "Core/Src/main.o"
arm-none-eabi-gcc "../Core/Src/output_display.c" -mcpu=cortex-m3 -std=gnu11 -g3 -DDEBUG -DUSE_HAL_DRIVER -DSTM32F103xB -c -I../Core/Inc -I../Drivers/STM32F1xx_HAL_Driver/Inc -I../Drivers/STM32F1xx_HAL_Driver/Inc/Legacy -I../Drivers/CMSIS/Device/ST/STM32F1xx/Include -I../Drivers/CMSIS/Include -O0 -ffunction-sections -fdata-sections -Wall -fstack-usage -MMD -MP -MF"Core/Src/output_display.d" -MT"Core/Src/output_display.o" --specs=nano.specs -mfloat-abi=soft -mthumb -o "Core/Src/output_display.o"
arm-none-eabi-gcc "../Core/Src/stm32f1xx_hal_msp.c" -mcpu=cortex-m3 -std=gnu11 -g3 -DDEBUG -DUSE_HAL_DRIVER -DSTM32F103xB -c -I../Core/Inc -I../Drivers/STM32F1xx_HAL_Driver/Inc -I../Drivers/STM32F1xx_HAL_Driver/Inc/Legacy -I../Drivers/CMSIS/Device/ST/STM32F1xx/Include -I../Drivers/CMSIS/Include -O0 -ffunction-sections -fdata-sections -Wall -fstack-usage -MMD -MP -MF"Core/Src/stm32f1xx_hal_msp.d" -MT"Core/Src/stm32f1xx_hal_msp.o" --specs=nano.specs -mfloat-abi=soft -mthumb -o "Core/Src/stm32f1xx_hal_msp.o"
arm-none-eabi-gcc "../Core/Src/stm32f1xx_it.c" -mcpu=cortex-m3 -std=gnu11 -g3 -DDEBUG -DUSE_HAL_DRIVER -DSTM32F103xB -c -I../Core/Inc -I../Drivers/STM32F1xx_HAL_Driver/Inc -I../Drivers/STM32F1xx_HAL_Driver/Inc/Legacy -I../Drivers/CMSIS/Device/ST/STM32F1xx/Include -I../Drivers/CMSIS/Include -O0 -ffunction-sections -fdata-sections -Wall -fstack-usage -MMD -MP -MF"Core/Src/stm32f1xx_it.d" -MT"Core/Src/stm32f1xx_it.o" --specs=nano.specs -mfloat-abi=soft -mthumb -o "Core/Src/stm32f1xx_it.o"
arm-none-eabi-gcc "../Core/Src/system_stm32f1xx.c" -mcpu=cortex-m3 -std=gnu11 -g3 -DDEBUG -DUSE_HAL_DRIVER -DSTM32F103xB -c -I../Core/Inc -I../Drivers/STM32F1xx_HAL_Driver/Inc -I../Drivers/STM32F1xx_HAL_Driver/Inc/Legacy -I../Drivers/CMSIS/Device/ST/STM32F1xx/Include -I../Drivers/CMSIS/Include -O0 -ffunction-sections -fdata-sections -Wall -fstack-usage -MMD -MP -MF"Core/Src/system_stm32f1xx.d" -MT"Core/Src/system_stm32f1xx.o" --specs=nano.specs -mfloat-abi=soft -mthumb -o "Core/Src/system_stm32f1xx.o"
arm-none-eabi-gcc -o "stm32.elf" @"objects.list"   -mcpu=cortex-m3 -T"E:\221\MCU\MCU_Project\stm32\STM32F103RBTX_FLASH.ld" --specs=nosys.specs -Wl,-Map="stm32.map" -Wl,--gc-sections -static --specs=nano.specs -mfloat-abi=soft -mthumb -Wl,--start-group -lc -lm -Wl,--end-group
Finished building target: stm32.elf
 
arm-none-eabi-size   stm32.elf 
arm-none-eabi-objdump -h -S  stm32.elf  > "stm32.list"
arm-none-eabi-objcopy  -O ihex  stm32.elf  "stm32.hex"
arm-none-eabi-objcopy  -O binary  stm32.elf  "stm32.bin"
   text	   data	    bss	    dec	    hex	filename
  12396	    140	   1860	  14396	   383c	stm32.elf
Finished building: default.size.stdout
Finished building: stm32.hex
 
 
Finished building: stm32.bin
Finished building: stm32.list
 
 
08:17:23 **** Incremental Build of configuration Debug for project stm32 ****
make -j4 all 
arm-none-eabi-size   stm32.elf 
   text	   data	    bss	    dec	    hex	filename
  12396	    140	   1860	  14396	   383c	stm32.elf
Finished building: default.size.stdout
 
08:21:40 **** Incremental Build of configuration Debug for project stm32 ****
make -j4 all 
arm-none-eabi-gcc "../Drivers/STM32F1xx_HAL_Driver/Src/stm32f1xx_hal.c" -mcpu=cortex-m3 -std=gnu11 -g3 -DDEBUG -DUSE_HAL_DRIVER -DSTM32F103xB -c -I../Core/Inc -I../Drivers/STM32F1xx_HAL_Driver/Inc -I../Drivers/STM32F1xx_HAL_Driver/Inc/Legacy -I../Drivers/CMSIS/Device/ST/STM32F1xx/Include -I../Drivers/CMSIS/Include -O0 -ffunction-sections -fdata-sections -Wall -fstack-usage -MMD -MP -MF"Drivers/STM32F1xx_HAL_Driver/Src/stm32f1xx_hal.d" -MT"Drivers/STM32F1xx_HAL_Driver/Src/stm32f1xx_hal.o" --specs=nano.specs -mfloat-abi=soft -mthumb -o "Drivers/STM32F1xx_HAL_Driver/Src/stm32f1xx_hal.o"
arm-none-eabi-gcc "../Drivers/STM32F1xx_HAL_Driver/Src/stm32f1xx_hal_cortex.c" -mcpu=cortex-m3 -std=gnu11 -g3 -DDEBUG -DUSE_HAL_DRIVER -DSTM32F103xB -c -I../Core/Inc -I../Drivers/STM32F1xx_HAL_Driver/Inc -I../Drivers/STM32F1xx_HAL_Driver/Inc/Legacy -I../Drivers/CMSIS/Device/ST/STM32F1xx/Include -I../Drivers/CMSIS/Include -O0 -ffunction-sections -fdata-sections -Wall -fstack-usage -MMD -MP -MF"Drivers/STM32F1xx_HAL_Driver/Src/stm32f1xx_hal_cortex.d" -MT"Drivers/STM32F1xx_HAL_Driver/Src/stm32f1xx_hal_cortex.o" --specs=nano.specs -mfloat-abi=soft -mthumb -o "Drivers/STM32F1xx_HAL_Driver/Src/stm32f1xx_hal_cortex.o"
arm-none-eabi-gcc "../Drivers/STM32F1xx_HAL_Driver/Src/stm32f1xx_hal_dma.c" -mcpu=cortex-m3 -std=gnu11 -g3 -DDEBUG -DUSE_HAL_DRIVER -DSTM32F103xB -c -I../Core/Inc -I../Drivers/STM32F1xx_HAL_Driver/Inc -I../Drivers/STM32F1xx_HAL_Driver/Inc/Legacy -I../Drivers/CMSIS/Device/ST/STM32F1xx/Include -I../Drivers/CMSIS/Include -O0 -ffunction-sections -fdata-sections -Wall -fstack-usage -MMD -MP -MF"Drivers/STM32F1xx_HAL_Driver/Src/stm32f1xx_hal_dma.d" -MT"Drivers/STM32F1xx_HAL_Driver/Src/stm32f1xx_hal_dma.o" --specs=nano.specs -mfloat-abi=soft -mthumb -o "Drivers/STM32F1xx_HAL_Driver/Src/stm32f1xx_hal_dma.o"
arm-none-eabi-gcc "../Drivers/STM32F1xx_HAL_Driver/Src/stm32f1xx_hal_exti.c" -mcpu=cortex-m3 -std=gnu11 -g3 -DDEBUG -DUSE_HAL_DRIVER -DSTM32F103xB -c -I../Core/Inc -I../Drivers/STM32F1xx_HAL_Driver/Inc -I../Drivers/STM32F1xx_HAL_Driver/Inc/Legacy -I../Drivers/CMSIS/Device/ST/STM32F1xx/Include -I../Drivers/CMSIS/Include -O0 -ffunction-sections -fdata-sections -Wall -fstack-usage -MMD -MP -MF"Drivers/STM32F1xx_HAL_Driver/Src/stm32f1xx_hal_exti.d" -MT"Drivers/STM32F1xx_HAL_Driver/Src/stm32f1xx_hal_exti.o" --specs=nano.specs -mfloat-abi=soft -mthumb -o "Drivers/STM32F1xx_HAL_Driver/Src/stm32f1xx_hal_exti.o"
arm-none-eabi-gcc "../Drivers/STM32F1xx_HAL_Driver/Src/stm32f1xx_hal_flash.c" -mcpu=cortex-m3 -std=gnu11 -g3 -DDEBUG -DUSE_HAL_DRIVER -DSTM32F103xB -c -I../Core/Inc -I../Drivers/STM32F1xx_HAL_Driver/Inc -I../Drivers/STM32F1xx_HAL_Driver/Inc/Legacy -I../Drivers/CMSIS/Device/ST/STM32F1xx/Include -I../Drivers/CMSIS/Include -O0 -ffunction-sections -fdata-sections -Wall -fstack-usage -MMD -MP -MF"Drivers/STM32F1xx_HAL_Driver/Src/stm32f1xx_hal_flash.d" -MT"Drivers/STM32F1xx_HAL_Driver/Src/stm32f1xx_hal_flash.o" --specs=nano.specs -mfloat-abi=soft -mthumb -o "Drivers/STM32F1xx_HAL_Driver/Src/stm32f1xx_hal_flash.o"
arm-none-eabi-gcc "../Drivers/STM32F1xx_HAL_Driver/Src/stm32f1xx_hal_flash_ex.c" -mcpu=cortex-m3 -std=gnu11 -g3 -DDEBUG -DUSE_HAL_DRIVER -DSTM32F103xB -c -I../Core/Inc -I../Drivers/STM32F1xx_HAL_Driver/Inc -I../Drivers/STM32F1xx_HAL_Driver/Inc/Legacy -I../Drivers/CMSIS/Device/ST/STM32F1xx/Include -I../Drivers/CMSIS/Include -O0 -ffunction-sections -fdata-sections -Wall -fstack-usage -MMD -MP -MF"Drivers/STM32F1xx_HAL_Driver/Src/stm32f1xx_hal_flash_ex.d" -MT"Drivers/STM32F1xx_HAL_Driver/Src/stm32f1xx_hal_flash_ex.o" --specs=nano.specs -mfloat-abi=soft -mthumb -o "Drivers/STM32F1xx_HAL_Driver/Src/stm32f1xx_hal_flash_ex.o"
arm-none-eabi-gcc "../Drivers/STM32F1xx_HAL_Driver/Src/stm32f1xx_hal_gpio.c" -mcpu=cortex-m3 -std=gnu11 -g3 -DDEBUG -DUSE_HAL_DRIVER -DSTM32F103xB -c -I../Core/Inc -I../Drivers/STM32F1xx_HAL_Driver/Inc -I../Drivers/STM32F1xx_HAL_Driver/Inc/Legacy -I../Drivers/CMSIS/Device/ST/STM32F1xx/Include -I../Drivers/CMSIS/Include -O0 -ffunction-sections -fdata-sections -Wall -fstack-usage -MMD -MP -MF"Drivers/STM32F1xx_HAL_Driver/Src/stm32f1xx_hal_gpio.d" -MT"Drivers/STM32F1xx_HAL_Driver/Src/stm32f1xx_hal_gpio.o" --specs=nano.specs -mfloat-abi=soft -mthumb -o "Drivers/STM32F1xx_HAL_Driver/Src/stm32f1xx_hal_gpio.o"
arm-none-eabi-gcc "../Drivers/STM32F1xx_HAL_Driver/Src/stm32f1xx_hal_gpio_ex.c" -mcpu=cortex-m3 -std=gnu11 -g3 -DDEBUG -DUSE_HAL_DRIVER -DSTM32F103xB -c -I../Core/Inc -I../Drivers/STM32F1xx_HAL_Driver/Inc -I../Drivers/STM32F1xx_HAL_Driver/Inc/Legacy -I../Drivers/CMSIS/Device/ST/STM32F1xx/Include -I../Drivers/CMSIS/Include -O0 -ffunction-sections -fdata-sections -Wall -fstack-usage -MMD -MP -MF"Drivers/STM32F1xx_HAL_Driver/Src/stm32f1xx_hal_gpio_ex.d" -MT"Drivers/STM32F1xx_HAL_Driver/Src/stm32f1xx_hal_gpio_ex.o" --specs=nano.specs -mfloat-abi=soft -mthumb -o "Drivers/STM32F1xx_HAL_Driver/Src/stm32f1xx_hal_gpio_ex.o"
arm-none-eabi-gcc "../Drivers/STM32F1xx_HAL_Driver/Src/stm32f1xx_hal_pwr.c" -mcpu=cortex-m3 -std=gnu11 -g3 -DDEBUG -DUSE_HAL_DRIVER -DSTM32F103xB -c -I../Core/Inc -I../Drivers/STM32F1xx_HAL_Driver/Inc -I../Drivers/STM32F1xx_HAL_Driver/Inc/Legacy -I../Drivers/CMSIS/Device/ST/STM32F1xx/Include -I../Drivers/CMSIS/Include -O0 -ffunction-sections -fdata-sections -Wall -fstack-usage -MMD -MP -MF"Drivers/STM32F1xx_HAL_Driver/Src/stm32f1xx_hal_pwr.d" -MT"Drivers/STM32F1xx_HAL_Driver/Src/stm32f1xx_hal_pwr.o" --specs=nano.specs -mfloat-abi=soft -mthumb -o "Drivers/STM32F1xx_HAL_Driver/Src/stm32f1xx_hal_pwr.o"
arm-none-eabi-gcc "../Drivers/STM32F1xx_HAL_Driver/Src/stm32f1xx_hal_rcc.c" -mcpu=cortex-m3 -std=gnu11 -g3 -DDEBUG -DUSE_HAL_DRIVER -DSTM32F103xB -c -I../Core/Inc -I../Drivers/STM32F1xx_HAL_Driver/Inc -I../Drivers/STM32F1xx_HAL_Driver/Inc/Legacy -I../Drivers/CMSIS/Device/ST/STM32F1xx/Include -I../Drivers/CMSIS/Include -O0 -ffunction-sections -fdata-sections -Wall -fstack-usage -MMD -MP -MF"Drivers/STM32F1xx_HAL_Driver/Src/stm32f1xx_hal_rcc.d" -MT"Drivers/STM32F1xx_HAL_Driver/Src/stm32f1xx_hal_rcc.o" --specs=nano.specs -mfloat-abi=soft -mthumb -o "Drivers/STM32F1xx_HAL_Driver/Src/stm32f1xx_hal_rcc.o"
arm-none-eabi-gcc "../Drivers/STM32F1xx_HAL_Driver/Src/stm32f1xx_hal_rcc_ex.c" -mcpu=cortex-m3 -std=gnu11 -g3 -DDEBUG -DUSE_HAL_DRIVER -DSTM32F103xB -c -I../Core/Inc -I../Drivers/STM32F1xx_HAL_Driver/Inc -I../Drivers/STM32F1xx_HAL_Driver/Inc/Legacy -I../Drivers/CMSIS/Device/ST/STM32F1xx/Include -I../Drivers/CMSIS/Include -O0 -ffunction-sections -fdata-sections -Wall -fstack-usage -MMD -MP -MF"Drivers/STM32F1xx_HAL_Driver/Src/stm32f1xx_hal_rcc_ex.d" -MT"Drivers/STM32F1xx_HAL_Driver/Src/stm32f1xx_hal_rcc_ex.o" --specs=nano.specs -mfloat-abi=soft -mthumb -o "Drivers/STM32F1xx_HAL_Driver/Src/stm32f1xx_hal_rcc_ex.o"
arm-none-eabi-gcc "../Drivers/STM32F1xx_HAL_Driver/Src/stm32f1xx_hal_tim.c" -mcpu=cortex-m3 -std=gnu11 -g3 -DDEBUG -DUSE_HAL_DRIVER -DSTM32F103xB -c -I../Core/Inc -I../Drivers/STM32F1xx_HAL_Driver/Inc -I../Drivers/STM32F1xx_HAL_Driver/Inc/Legacy -I../Drivers/CMSIS/Device/ST/STM32F1xx/Include -I../Drivers/CMSIS/Include -O0 -ffunction-sections -fdata-sections -Wall -fstack-usage -MMD -MP -MF"Drivers/STM32F1xx_HAL_Driver/Src/stm32f1xx_hal_tim.d" -MT"Drivers/STM32F1xx_HAL_Driver/Src/stm32f1xx_hal_tim.o" --specs=nano.specs -mfloat-abi=soft -mthumb -o "Drivers/STM32F1xx_HAL_Driver/Src/stm32f1xx_hal_tim.o"
arm-none-eabi-gcc "../Drivers/STM32F1xx_HAL_Driver/Src/stm32f1xx_hal_tim_ex.c" -mcpu=cortex-m3 -std=gnu11 -g3 -DDEBUG -DUSE_HAL_DRIVER -DSTM32F103xB -c -I../Core/Inc -I../Drivers/STM32F1xx_HAL_Driver/Inc -I../Drivers/STM32F1xx_HAL_Driver/Inc/Legacy -I../Drivers/CMSIS/Device/ST/STM32F1xx/Include -I../Drivers/CMSIS/Include -O0 -ffunction-sections -fdata-sections -Wall -fstack-usage -MMD -MP -MF"Drivers/STM32F1xx_HAL_Driver/Src/stm32f1xx_hal_tim_ex.d" -MT"Drivers/STM32F1xx_HAL_Driver/Src/stm32f1xx_hal_tim_ex.o" --specs=nano.specs -mfloat-abi=soft -mthumb -o "Drivers/STM32F1xx_HAL_Driver/Src/stm32f1xx_hal_tim_ex.o"
arm-none-eabi-gcc "../Drivers/STM32F1xx_HAL_Driver/Src/stm32f1xx_hal_uart.c" -mcpu=cortex-m3 -std=gnu11 -g3 -DDEBUG -DUSE_HAL_DRIVER -DSTM32F103xB -c -I../Core/Inc -I../Drivers/STM32F1xx_HAL_Driver/Inc -I../Drivers/STM32F1xx_HAL_Driver/Inc/Legacy -I../Drivers/CMSIS/Device/ST/STM32F1xx/Include -I../Drivers/CMSIS/Include -O0 -ffunction-sections -fdata-sections -Wall -fstack-usage -MMD -MP -MF"Drivers/STM32F1xx_HAL_Driver/Src/stm32f1xx_hal_uart.d" -MT"Drivers/STM32F1xx_HAL_Driver/Src/stm32f1xx_hal_uart.o" --specs=nano.specs -mfloat-abi=soft -mthumb -o "Drivers/STM32F1xx_HAL_Driver/Src/stm32f1xx_hal_uart.o"
arm-none-eabi-gcc "../Core/Src/button.c" -mcpu=cortex-m3 -std=gnu11 -g3 -DDEBUG -DUSE_HAL_DRIVER -DSTM32F103xB -c -I../Core/Inc -I../Drivers/STM32F1xx_HAL_Driver/Inc -I../Drivers/STM32F1xx_HAL_Driver/Inc/Legacy -I../Drivers/CMSIS/Device/ST/STM32F1xx/Include -I../Drivers/CMSIS/Include -O0 -ffunction-sections -fdata-sections -Wall -fstack-usage -MMD -MP -MF"Core/Src/button.d" -MT"Core/Src/button.o" --specs=nano.specs -mfloat-abi=soft -mthumb -o "Core/Src/button.o"
arm-none-eabi-gcc "../Core/Src/main.c" -mcpu=cortex-m3 -std=gnu11 -g3 -DDEBUG -DUSE_HAL_DRIVER -DSTM32F103xB -c -I../Core/Inc -I../Drivers/STM32F1xx_HAL_Driver/Inc -I../Drivers/STM32F1xx_HAL_Driver/Inc/Legacy -I../Drivers/CMSIS/Device/ST/STM32F1xx/Include -I../Drivers/CMSIS/Include -O0 -ffunction-sections -fdata-sections -Wall -fstack-usage -MMD -MP -MF"Core/Src/main.d" -MT"Core/Src/main.o" --specs=nano.specs -mfloat-abi=soft -mthumb -o "Core/Src/main.o"
arm-none-eabi-gcc "../Core/Src/output_display.c" -mcpu=cortex-m3 -std=gnu11 -g3 -DDEBUG -DUSE_HAL_DRIVER -DSTM32F103xB -c -I../Core/Inc -I../Drivers/STM32F1xx_HAL_Driver/Inc -I../Drivers/STM32F1xx_HAL_Driver/Inc/Legacy -I../Drivers/CMSIS/Device/ST/STM32F1xx/Include -I../Drivers/CMSIS/Include -O0 -ffunction-sections -fdata-sections -Wall -fstack-usage -MMD -MP -MF"Core/Src/output_display.d" -MT"Core/Src/output_display.o" --specs=nano.specs -mfloat-abi=soft -mthumb -o "Core/Src/output_display.o"
arm-none-eabi-gcc "../Core/Src/stm32f1xx_hal_msp.c" -mcpu=cortex-m3 -std=gnu11 -g3 -DDEBUG -DUSE_HAL_DRIVER -DSTM32F103xB -c -I../Core/Inc -I../Drivers/STM32F1xx_HAL_Driver/Inc -I../Drivers/STM32F1xx_HAL_Driver/Inc/Legacy -I../Drivers/CMSIS/Device/ST/STM32F1xx/Include -I../Drivers/CMSIS/Include -O0 -ffunction-sections -fdata-sections -Wall -fstack-usage -MMD -MP -MF"Core/Src/stm32f1xx_hal_msp.d" -MT"Core/Src/stm32f1xx_hal_msp.o" --specs=nano.specs -mfloat-abi=soft -mthumb -o "Core/Src/stm32f1xx_hal_msp.o"
arm-none-eabi-gcc "../Core/Src/stm32f1xx_it.c" -mcpu=cortex-m3 -std=gnu11 -g3 -DDEBUG -DUSE_HAL_DRIVER -DSTM32F103xB -c -I../Core/Inc -I../Drivers/STM32F1xx_HAL_Driver/Inc -I../Drivers/STM32F1xx_HAL_Driver/Inc/Legacy -I../Drivers/CMSIS/Device/ST/STM32F1xx/Include -I../Drivers/CMSIS/Include -O0 -ffunction-sections -fdata-sections -Wall -fstack-usage -MMD -MP -MF"Core/Src/stm32f1xx_it.d" -MT"Core/Src/stm32f1xx_it.o" --specs=nano.specs -mfloat-abi=soft -mthumb -o "Core/Src/stm32f1xx_it.o"
arm-none-eabi-gcc "../Core/Src/system_stm32f1xx.c" -mcpu=cortex-m3 -std=gnu11 -g3 -DDEBUG -DUSE_HAL_DRIVER -DSTM32F103xB -c -I../Core/Inc -I../Drivers/STM32F1xx_HAL_Driver/Inc -I../Drivers/STM32F1xx_HAL_Driver/Inc/Legacy -I../Drivers/CMSIS/Device/ST/STM32F1xx/Include -I../Drivers/CMSIS/Include -O0 -ffunction-sections -fdata-sections -Wall -fstack-usage -MMD -MP -MF"Core/Src/system_stm32f1xx.d" -MT"Core/Src/system_stm32f1xx.o" --specs=nano.specs -mfloat-abi=soft -mthumb -o "Core/Src/system_stm32f1xx.o"
arm-none-eabi-gcc -o "stm32.elf" @"objects.list"   -mcpu=cortex-m3 -T"E:\221\MCU\MCU_Project\stm32\STM32F103RBTX_FLASH.ld" --specs=nosys.specs -Wl,-Map="stm32.map" -Wl,--gc-sections -static --specs=nano.specs -mfloat-abi=soft -mthumb -Wl,--start-group -lc -lm -Wl,--end-group
Finished building target: stm32.elf
 
arm-none-eabi-size   stm32.elf 
arm-none-eabi-objdump -h -S  stm32.elf  > "stm32.list"
arm-none-eabi-objcopy  -O ihex  stm32.elf  "stm32.hex"
arm-none-eabi-objcopy  -O binary  stm32.elf  "stm32.bin"
   text	   data	    bss	    dec	    hex	filename
  12392	    140	   1860	  14392	   3838	stm32.elf
Finished building: default.size.stdout
 
Finished building: stm32.bin
Finished building: stm32.hex
 
 
Finished building: stm32.list
 
08:22:05 **** Incremental Build of configuration Debug for project stm32 ****
make -j4 all 
arm-none-eabi-size   stm32.elf 
   text	   data	    bss	    dec	    hex	filename
  12392	    140	   1860	  14392	   3838	stm32.elf
Finished building: default.size.stdout
 
08:24:35 **** Incremental Build of configuration Debug for project stm32 ****
make -j4 all 
arm-none-eabi-gcc "../Core/Src/main.c" -mcpu=cortex-m3 -std=gnu11 -g3 -DDEBUG -DUSE_HAL_DRIVER -DSTM32F103xB -c -I../Core/Inc -I../Drivers/STM32F1xx_HAL_Driver/Inc -I../Drivers/STM32F1xx_HAL_Driver/Inc/Legacy -I../Drivers/CMSIS/Device/ST/STM32F1xx/Include -I../Drivers/CMSIS/Include -O0 -ffunction-sections -fdata-sections -Wall -fstack-usage -MMD -MP -MF"Core/Src/main.d" -MT"Core/Src/main.o" --specs=nano.specs -mfloat-abi=soft -mthumb -o "Core/Src/main.o"
arm-none-eabi-gcc -o "stm32.elf" @"objects.list"   -mcpu=cortex-m3 -T"E:\221\MCU\MCU_Project\stm32\STM32F103RBTX_FLASH.ld" --specs=nosys.specs -Wl,-Map="stm32.map" -Wl,--gc-sections -static --specs=nano.specs -mfloat-abi=soft -mthumb -Wl,--start-group -lc -lm -Wl,--end-group
Finished building target: stm32.elf
 
arm-none-eabi-size   stm32.elf 
arm-none-eabi-objdump -h -S  stm32.elf  > "stm32.list"
arm-none-eabi-objcopy  -O ihex  stm32.elf  "stm32.hex"
arm-none-eabi-objcopy  -O binary  stm32.elf  "stm32.bin"
   text	   data	    bss	    dec	    hex	filename
  10508	    100	   1852	  12460	   30ac	stm32.elf
Finished building: default.size.stdout
 
Finished building: stm32.bin
Finished building: stm32.hex
Finished building: stm32.list
 
 
 
08:24:41 **** Incremental Build of configuration Debug for project stm32 ****
make -j4 all 
arm-none-eabi-size   stm32.elf 
   text	   data	    bss	    dec	    hex	filename
  10508	    100	   1852	  12460	   30ac	stm32.elf
Finished building: default.size.stdout
 
08:26:11 **** Incremental Build of configuration Debug for project stm32 ****
make -j4 all 
arm-none-eabi-gcc "../Core/Src/main.c" -mcpu=cortex-m3 -std=gnu11 -g3 -DDEBUG -DUSE_HAL_DRIVER -DSTM32F103xB -c -I../Core/Inc -I../Drivers/STM32F1xx_HAL_Driver/Inc -I../Drivers/STM32F1xx_HAL_Driver/Inc/Legacy -I../Drivers/CMSIS/Device/ST/STM32F1xx/Include -I../Drivers/CMSIS/Include -O0 -ffunction-sections -fdata-sections -Wall -fstack-usage -MMD -MP -MF"Core/Src/main.d" -MT"Core/Src/main.o" --specs=nano.specs -mfloat-abi=soft -mthumb -o "Core/Src/main.o"
arm-none-eabi-gcc "../Core/Src/output_display.c" -mcpu=cortex-m3 -std=gnu11 -g3 -DDEBUG -DUSE_HAL_DRIVER -DSTM32F103xB -c -I../Core/Inc -I../Drivers/STM32F1xx_HAL_Driver/Inc -I../Drivers/STM32F1xx_HAL_Driver/Inc/Legacy -I../Drivers/CMSIS/Device/ST/STM32F1xx/Include -I../Drivers/CMSIS/Include -O0 -ffunction-sections -fdata-sections -Wall -fstack-usage -MMD -MP -MF"Core/Src/output_display.d" -MT"Core/Src/output_display.o" --specs=nano.specs -mfloat-abi=soft -mthumb -o "Core/Src/output_display.o"
arm-none-eabi-gcc -o "stm32.elf" @"objects.list"   -mcpu=cortex-m3 -T"E:\221\MCU\MCU_Project\stm32\STM32F103RBTX_FLASH.ld" --specs=nosys.specs -Wl,-Map="stm32.map" -Wl,--gc-sections -static --specs=nano.specs -mfloat-abi=soft -mthumb -Wl,--start-group -lc -lm -Wl,--end-group
Finished building target: stm32.elf
 
arm-none-eabi-size   stm32.elf 
arm-none-eabi-objdump -h -S  stm32.elf  > "stm32.list"
arm-none-eabi-objcopy  -O ihex  stm32.elf  "stm32.hex"
   text	   data	    bss	    dec	    hex	filename
  12392	    140	   1860	  14392	   3838	stm32.elf
arm-none-eabi-objcopy  -O binary  stm32.elf  "stm32.bin"
Finished building: default.size.stdout
 
Finished building: stm32.bin
Finished building: stm32.hex
Finished building: stm32.list
 
 
 
08:26:18 **** Incremental Build of configuration Debug for project stm32 ****
make -j4 all 
arm-none-eabi-size   stm32.elf 
   text	   data	    bss	    dec	    hex	filename
  12392	    140	   1860	  14392	   3838	stm32.elf
Finished building: default.size.stdout
 
08:53:35 **** Incremental Build of configuration Debug for project stm32 ****
make -j4 all 
arm-none-eabi-gcc "../Core/Src/main.c" -mcpu=cortex-m3 -std=gnu11 -g3 -DDEBUG -DUSE_HAL_DRIVER -DSTM32F103xB -c -I../Core/Inc -I../Drivers/STM32F1xx_HAL_Driver/Inc -I../Drivers/STM32F1xx_HAL_Driver/Inc/Legacy -I../Drivers/CMSIS/Device/ST/STM32F1xx/Include -I../Drivers/CMSIS/Include -O0 -ffunction-sections -fdata-sections -Wall -fstack-usage -MMD -MP -MF"Core/Src/main.d" -MT"Core/Src/main.o" --specs=nano.specs -mfloat-abi=soft -mthumb -o "Core/Src/main.o"
arm-none-eabi-gcc -o "stm32.elf" @"objects.list"   -mcpu=cortex-m3 -T"E:\221\MCU\MCU_Project\stm32\STM32F103RBTX_FLASH.ld" --specs=nosys.specs -Wl,-Map="stm32.map" -Wl,--gc-sections -static --specs=nano.specs -mfloat-abi=soft -mthumb -Wl,--start-group -lc -lm -Wl,--end-group
Finished building target: stm32.elf
 
arm-none-eabi-size   stm32.elf 
arm-none-eabi-objdump -h -S  stm32.elf  > "stm32.list"
arm-none-eabi-objcopy  -O ihex  stm32.elf  "stm32.hex"
arm-none-eabi-objcopy  -O binary  stm32.elf  "stm32.bin"
   text	   data	    bss	    dec	    hex	filename
  10880	    100	   1852	  12832	   3220	stm32.elf
Finished building: default.size.stdout
 
Finished building: stm32.list
Finished building: stm32.hex
Finished building: stm32.bin
 
 
 
08:53:46 **** Incremental Build of configuration Debug for project stm32 ****
make -j4 all 
arm-none-eabi-size   stm32.elf 
   text	   data	    bss	    dec	    hex	filename
  10880	    100	   1852	  12832	   3220	stm32.elf
Finished building: default.size.stdout
 
08:54:29 **** Incremental Build of configuration Debug for project stm32 ****
make -j4 all 
arm-none-eabi-gcc "../Core/Src/output_display.c" -mcpu=cortex-m3 -std=gnu11 -g3 -DDEBUG -DUSE_HAL_DRIVER -DSTM32F103xB -c -I../Core/Inc -I../Drivers/STM32F1xx_HAL_Driver/Inc -I../Drivers/STM32F1xx_HAL_Driver/Inc/Legacy -I../Drivers/CMSIS/Device/ST/STM32F1xx/Include -I../Drivers/CMSIS/Include -O0 -ffunction-sections -fdata-sections -Wall -fstack-usage -MMD -MP -MF"Core/Src/output_display.d" -MT"Core/Src/output_display.o" --specs=nano.specs -mfloat-abi=soft -mthumb -o "Core/Src/output_display.o"
arm-none-eabi-gcc -o "stm32.elf" @"objects.list"   -mcpu=cortex-m3 -T"E:\221\MCU\MCU_Project\stm32\STM32F103RBTX_FLASH.ld" --specs=nosys.specs -Wl,-Map="stm32.map" -Wl,--gc-sections -static --specs=nano.specs -mfloat-abi=soft -mthumb -Wl,--start-group -lc -lm -Wl,--end-group
Finished building target: stm32.elf
 
arm-none-eabi-size   stm32.elf 
arm-none-eabi-objdump -h -S  stm32.elf  > "stm32.list"
arm-none-eabi-objcopy  -O ihex  stm32.elf  "stm32.hex"
arm-none-eabi-objcopy  -O binary  stm32.elf  "stm32.bin"
   text	   data	    bss	    dec	    hex	filename
  10880	    100	   1852	  12832	   3220	stm32.elf
Finished building: default.size.stdout
 
Finished building: stm32.hex
Finished building: stm32.bin
 
Finished building: stm32.list
 
 
08:54:39 **** Incremental Build of configuration Debug for project stm32 ****
make -j4 all 
arm-none-eabi-size   stm32.elf 
   text	   data	    bss	    dec	    hex	filename
  10880	    100	   1852	  12832	   3220	stm32.elf
Finished building: default.size.stdout
 
08:54:58 **** Incremental Build of configuration Debug for project stm32 ****
make -j4 all 
arm-none-eabi-gcc "../Core/Src/main.c" -mcpu=cortex-m3 -std=gnu11 -g3 -DDEBUG -DUSE_HAL_DRIVER -DSTM32F103xB -c -I../Core/Inc -I../Drivers/STM32F1xx_HAL_Driver/Inc -I../Drivers/STM32F1xx_HAL_Driver/Inc/Legacy -I../Drivers/CMSIS/Device/ST/STM32F1xx/Include -I../Drivers/CMSIS/Include -O0 -ffunction-sections -fdata-sections -Wall -fstack-usage -MMD -MP -MF"Core/Src/main.d" -MT"Core/Src/main.o" --specs=nano.specs -mfloat-abi=soft -mthumb -o "Core/Src/main.o"
arm-none-eabi-gcc -o "stm32.elf" @"objects.list"   -mcpu=cortex-m3 -T"E:\221\MCU\MCU_Project\stm32\STM32F103RBTX_FLASH.ld" --specs=nosys.specs -Wl,-Map="stm32.map" -Wl,--gc-sections -static --specs=nano.specs -mfloat-abi=soft -mthumb -Wl,--start-group -lc -lm -Wl,--end-group
Finished building target: stm32.elf
 
arm-none-eabi-size   stm32.elf 
arm-none-eabi-objdump -h -S  stm32.elf  > "stm32.list"
arm-none-eabi-objcopy  -O ihex  stm32.elf  "stm32.hex"
arm-none-eabi-objcopy  -O binary  stm32.elf  "stm32.bin"
   text	   data	    bss	    dec	    hex	filename
  10880	    100	   1852	  12832	   3220	stm32.elf
Finished building: default.size.stdout
 
Finished building: stm32.bin
Finished building: stm32.hex
Finished building: stm32.list
 
 
 
08:55:01 **** Incremental Build of configuration Debug for project stm32 ****
make -j4 all 
arm-none-eabi-size   stm32.elf 
   text	   data	    bss	    dec	    hex	filename
  10880	    100	   1852	  12832	   3220	stm32.elf
Finished building: default.size.stdout
 
08:55:28 **** Incremental Build of configuration Debug for project stm32 ****
make -j4 all 
arm-none-eabi-gcc "../Core/Src/main.c" -mcpu=cortex-m3 -std=gnu11 -g3 -DDEBUG -DUSE_HAL_DRIVER -DSTM32F103xB -c -I../Core/Inc -I../Drivers/STM32F1xx_HAL_Driver/Inc -I../Drivers/STM32F1xx_HAL_Driver/Inc/Legacy -I../Drivers/CMSIS/Device/ST/STM32F1xx/Include -I../Drivers/CMSIS/Include -O0 -ffunction-sections -fdata-sections -Wall -fstack-usage -MMD -MP -MF"Core/Src/main.d" -MT"Core/Src/main.o" --specs=nano.specs -mfloat-abi=soft -mthumb -o "Core/Src/main.o"
arm-none-eabi-gcc -o "stm32.elf" @"objects.list"   -mcpu=cortex-m3 -T"E:\221\MCU\MCU_Project\stm32\STM32F103RBTX_FLASH.ld" --specs=nosys.specs -Wl,-Map="stm32.map" -Wl,--gc-sections -static --specs=nano.specs -mfloat-abi=soft -mthumb -Wl,--start-group -lc -lm -Wl,--end-group
Finished building target: stm32.elf
 
arm-none-eabi-size   stm32.elf 
arm-none-eabi-objdump -h -S  stm32.elf  > "stm32.list"
arm-none-eabi-objcopy  -O ihex  stm32.elf  "stm32.hex"
   text	   data	    bss	    dec	    hex	filename
  10880	    100	   1852	  12832	   3220	stm32.elf
arm-none-eabi-objcopy  -O binary  stm32.elf  "stm32.bin"
Finished building: default.size.stdout
 
Finished building: stm32.hex
Finished building: stm32.bin
 
 
Finished building: stm32.list
 
08:55:35 **** Incremental Build of configuration Debug for project stm32 ****
make -j4 all 
arm-none-eabi-size   stm32.elf 
   text	   data	    bss	    dec	    hex	filename
  10880	    100	   1852	  12832	   3220	stm32.elf
Finished building: default.size.stdout
 
08:55:58 **** Incremental Build of configuration Debug for project stm32 ****
make -j4 all 
arm-none-eabi-gcc "../Core/Src/main.c" -mcpu=cortex-m3 -std=gnu11 -g3 -DDEBUG -DUSE_HAL_DRIVER -DSTM32F103xB -c -I../Core/Inc -I../Drivers/STM32F1xx_HAL_Driver/Inc -I../Drivers/STM32F1xx_HAL_Driver/Inc/Legacy -I../Drivers/CMSIS/Device/ST/STM32F1xx/Include -I../Drivers/CMSIS/Include -O0 -ffunction-sections -fdata-sections -Wall -fstack-usage -MMD -MP -MF"Core/Src/main.d" -MT"Core/Src/main.o" --specs=nano.specs -mfloat-abi=soft -mthumb -o "Core/Src/main.o"
arm-none-eabi-gcc -o "stm32.elf" @"objects.list"   -mcpu=cortex-m3 -T"E:\221\MCU\MCU_Project\stm32\STM32F103RBTX_FLASH.ld" --specs=nosys.specs -Wl,-Map="stm32.map" -Wl,--gc-sections -static --specs=nano.specs -mfloat-abi=soft -mthumb -Wl,--start-group -lc -lm -Wl,--end-group
Finished building target: stm32.elf
 
arm-none-eabi-size   stm32.elf 
arm-none-eabi-objdump -h -S  stm32.elf  > "stm32.list"
arm-none-eabi-objcopy  -O ihex  stm32.elf  "stm32.hex"
arm-none-eabi-objcopy  -O binary  stm32.elf  "stm32.bin"
   text	   data	    bss	    dec	    hex	filename
  10964	    100	   1852	  12916	   3274	stm32.elf
Finished building: default.size.stdout
 
Finished building: stm32.bin
Finished building: stm32.hex
 
 
Finished building: stm32.list
 
08:56:01 **** Incremental Build of configuration Debug for project stm32 ****
make -j4 all 
arm-none-eabi-size   stm32.elf 
   text	   data	    bss	    dec	    hex	filename
  10964	    100	   1852	  12916	   3274	stm32.elf
Finished building: default.size.stdout
 
08:57:36 **** Incremental Build of configuration Debug for project stm32 ****
make -j4 all 
arm-none-eabi-size   stm32.elf 
   text	   data	    bss	    dec	    hex	filename
  10964	    100	   1852	  12916	   3274	stm32.elf
Finished building: default.size.stdout
 
12:11:38 **** Incremental Build of configuration Debug for project stm32 ****
make -j4 all 
arm-none-eabi-size   stm32.elf 
   text	   data	    bss	    dec	    hex	filename
  10964	    100	   1852	  12916	   3274	stm32.elf
Finished building: default.size.stdout
 
12:11:47 **** Incremental Build of configuration Debug for project stm32 ****
make -j4 all 
arm-none-eabi-size   stm32.elf 
   text	   data	    bss	    dec	    hex	filename
  10964	    100	   1852	  12916	   3274	stm32.elf
Finished building: default.size.stdout
 
12:13:11 **** Incremental Build of configuration Debug for project stm32 ****
make -j4 all 
arm-none-eabi-gcc "../Core/Src/main.c" -mcpu=cortex-m3 -std=gnu11 -g3 -DDEBUG -DUSE_HAL_DRIVER -DSTM32F103xB -c -I../Core/Inc -I../Drivers/STM32F1xx_HAL_Driver/Inc -I../Drivers/STM32F1xx_HAL_Driver/Inc/Legacy -I../Drivers/CMSIS/Device/ST/STM32F1xx/Include -I../Drivers/CMSIS/Include -O0 -ffunction-sections -fdata-sections -Wall -fstack-usage -MMD -MP -MF"Core/Src/main.d" -MT"Core/Src/main.o" --specs=nano.specs -mfloat-abi=soft -mthumb -o "Core/Src/main.o"
arm-none-eabi-gcc -o "stm32.elf" @"objects.list"   -mcpu=cortex-m3 -T"E:\221\MCU\MCU_Project\stm32\STM32F103RBTX_FLASH.ld" --specs=nosys.specs -Wl,-Map="stm32.map" -Wl,--gc-sections -static --specs=nano.specs -mfloat-abi=soft -mthumb -Wl,--start-group -lc -lm -Wl,--end-group
Finished building target: stm32.elf
 
arm-none-eabi-size   stm32.elf 
arm-none-eabi-objdump -h -S  stm32.elf  > "stm32.list"
arm-none-eabi-objcopy  -O ihex  stm32.elf  "stm32.hex"
arm-none-eabi-objcopy  -O binary  stm32.elf  "stm32.bin"
   text	   data	    bss	    dec	    hex	filename
  12800	    140	   1860	  14800	   39d0	stm32.elf
Finished building: default.size.stdout
 
Finished building: stm32.bin
Finished building: stm32.list
Finished building: stm32.hex
 
 
 
12:13:18 **** Incremental Build of configuration Debug for project stm32 ****
make -j4 all 
arm-none-eabi-size   stm32.elf 
   text	   data	    bss	    dec	    hex	filename
  12800	    140	   1860	  14800	   39d0	stm32.elf
Finished building: default.size.stdout
 
12:21:59 **** Incremental Build of configuration Debug for project stm32 ****
make -j4 all 
arm-none-eabi-gcc "../Drivers/STM32F1xx_HAL_Driver/Src/stm32f1xx_hal.c" -mcpu=cortex-m3 -std=gnu11 -g3 -DDEBUG -DUSE_HAL_DRIVER -DSTM32F103xB -c -I../Core/Inc -I../Drivers/STM32F1xx_HAL_Driver/Inc -I../Drivers/STM32F1xx_HAL_Driver/Inc/Legacy -I../Drivers/CMSIS/Device/ST/STM32F1xx/Include -I../Drivers/CMSIS/Include -O0 -ffunction-sections -fdata-sections -Wall -fstack-usage -MMD -MP -MF"Drivers/STM32F1xx_HAL_Driver/Src/stm32f1xx_hal.d" -MT"Drivers/STM32F1xx_HAL_Driver/Src/stm32f1xx_hal.o" --specs=nano.specs -mfloat-abi=soft -mthumb -o "Drivers/STM32F1xx_HAL_Driver/Src/stm32f1xx_hal.o"
arm-none-eabi-gcc "../Drivers/STM32F1xx_HAL_Driver/Src/stm32f1xx_hal_cortex.c" -mcpu=cortex-m3 -std=gnu11 -g3 -DDEBUG -DUSE_HAL_DRIVER -DSTM32F103xB -c -I../Core/Inc -I../Drivers/STM32F1xx_HAL_Driver/Inc -I../Drivers/STM32F1xx_HAL_Driver/Inc/Legacy -I../Drivers/CMSIS/Device/ST/STM32F1xx/Include -I../Drivers/CMSIS/Include -O0 -ffunction-sections -fdata-sections -Wall -fstack-usage -MMD -MP -MF"Drivers/STM32F1xx_HAL_Driver/Src/stm32f1xx_hal_cortex.d" -MT"Drivers/STM32F1xx_HAL_Driver/Src/stm32f1xx_hal_cortex.o" --specs=nano.specs -mfloat-abi=soft -mthumb -o "Drivers/STM32F1xx_HAL_Driver/Src/stm32f1xx_hal_cortex.o"
arm-none-eabi-gcc "../Drivers/STM32F1xx_HAL_Driver/Src/stm32f1xx_hal_dma.c" -mcpu=cortex-m3 -std=gnu11 -g3 -DDEBUG -DUSE_HAL_DRIVER -DSTM32F103xB -c -I../Core/Inc -I../Drivers/STM32F1xx_HAL_Driver/Inc -I../Drivers/STM32F1xx_HAL_Driver/Inc/Legacy -I../Drivers/CMSIS/Device/ST/STM32F1xx/Include -I../Drivers/CMSIS/Include -O0 -ffunction-sections -fdata-sections -Wall -fstack-usage -MMD -MP -MF"Drivers/STM32F1xx_HAL_Driver/Src/stm32f1xx_hal_dma.d" -MT"Drivers/STM32F1xx_HAL_Driver/Src/stm32f1xx_hal_dma.o" --specs=nano.specs -mfloat-abi=soft -mthumb -o "Drivers/STM32F1xx_HAL_Driver/Src/stm32f1xx_hal_dma.o"
arm-none-eabi-gcc "../Drivers/STM32F1xx_HAL_Driver/Src/stm32f1xx_hal_exti.c" -mcpu=cortex-m3 -std=gnu11 -g3 -DDEBUG -DUSE_HAL_DRIVER -DSTM32F103xB -c -I../Core/Inc -I../Drivers/STM32F1xx_HAL_Driver/Inc -I../Drivers/STM32F1xx_HAL_Driver/Inc/Legacy -I../Drivers/CMSIS/Device/ST/STM32F1xx/Include -I../Drivers/CMSIS/Include -O0 -ffunction-sections -fdata-sections -Wall -fstack-usage -MMD -MP -MF"Drivers/STM32F1xx_HAL_Driver/Src/stm32f1xx_hal_exti.d" -MT"Drivers/STM32F1xx_HAL_Driver/Src/stm32f1xx_hal_exti.o" --specs=nano.specs -mfloat-abi=soft -mthumb -o "Drivers/STM32F1xx_HAL_Driver/Src/stm32f1xx_hal_exti.o"
arm-none-eabi-gcc "../Drivers/STM32F1xx_HAL_Driver/Src/stm32f1xx_hal_flash.c" -mcpu=cortex-m3 -std=gnu11 -g3 -DDEBUG -DUSE_HAL_DRIVER -DSTM32F103xB -c -I../Core/Inc -I../Drivers/STM32F1xx_HAL_Driver/Inc -I../Drivers/STM32F1xx_HAL_Driver/Inc/Legacy -I../Drivers/CMSIS/Device/ST/STM32F1xx/Include -I../Drivers/CMSIS/Include -O0 -ffunction-sections -fdata-sections -Wall -fstack-usage -MMD -MP -MF"Drivers/STM32F1xx_HAL_Driver/Src/stm32f1xx_hal_flash.d" -MT"Drivers/STM32F1xx_HAL_Driver/Src/stm32f1xx_hal_flash.o" --specs=nano.specs -mfloat-abi=soft -mthumb -o "Drivers/STM32F1xx_HAL_Driver/Src/stm32f1xx_hal_flash.o"
arm-none-eabi-gcc "../Drivers/STM32F1xx_HAL_Driver/Src/stm32f1xx_hal_flash_ex.c" -mcpu=cortex-m3 -std=gnu11 -g3 -DDEBUG -DUSE_HAL_DRIVER -DSTM32F103xB -c -I../Core/Inc -I../Drivers/STM32F1xx_HAL_Driver/Inc -I../Drivers/STM32F1xx_HAL_Driver/Inc/Legacy -I../Drivers/CMSIS/Device/ST/STM32F1xx/Include -I../Drivers/CMSIS/Include -O0 -ffunction-sections -fdata-sections -Wall -fstack-usage -MMD -MP -MF"Drivers/STM32F1xx_HAL_Driver/Src/stm32f1xx_hal_flash_ex.d" -MT"Drivers/STM32F1xx_HAL_Driver/Src/stm32f1xx_hal_flash_ex.o" --specs=nano.specs -mfloat-abi=soft -mthumb -o "Drivers/STM32F1xx_HAL_Driver/Src/stm32f1xx_hal_flash_ex.o"
arm-none-eabi-gcc "../Drivers/STM32F1xx_HAL_Driver/Src/stm32f1xx_hal_gpio.c" -mcpu=cortex-m3 -std=gnu11 -g3 -DDEBUG -DUSE_HAL_DRIVER -DSTM32F103xB -c -I../Core/Inc -I../Drivers/STM32F1xx_HAL_Driver/Inc -I../Drivers/STM32F1xx_HAL_Driver/Inc/Legacy -I../Drivers/CMSIS/Device/ST/STM32F1xx/Include -I../Drivers/CMSIS/Include -O0 -ffunction-sections -fdata-sections -Wall -fstack-usage -MMD -MP -MF"Drivers/STM32F1xx_HAL_Driver/Src/stm32f1xx_hal_gpio.d" -MT"Drivers/STM32F1xx_HAL_Driver/Src/stm32f1xx_hal_gpio.o" --specs=nano.specs -mfloat-abi=soft -mthumb -o "Drivers/STM32F1xx_HAL_Driver/Src/stm32f1xx_hal_gpio.o"
arm-none-eabi-gcc "../Drivers/STM32F1xx_HAL_Driver/Src/stm32f1xx_hal_gpio_ex.c" -mcpu=cortex-m3 -std=gnu11 -g3 -DDEBUG -DUSE_HAL_DRIVER -DSTM32F103xB -c -I../Core/Inc -I../Drivers/STM32F1xx_HAL_Driver/Inc -I../Drivers/STM32F1xx_HAL_Driver/Inc/Legacy -I../Drivers/CMSIS/Device/ST/STM32F1xx/Include -I../Drivers/CMSIS/Include -O0 -ffunction-sections -fdata-sections -Wall -fstack-usage -MMD -MP -MF"Drivers/STM32F1xx_HAL_Driver/Src/stm32f1xx_hal_gpio_ex.d" -MT"Drivers/STM32F1xx_HAL_Driver/Src/stm32f1xx_hal_gpio_ex.o" --specs=nano.specs -mfloat-abi=soft -mthumb -o "Drivers/STM32F1xx_HAL_Driver/Src/stm32f1xx_hal_gpio_ex.o"
arm-none-eabi-gcc "../Drivers/STM32F1xx_HAL_Driver/Src/stm32f1xx_hal_pwr.c" -mcpu=cortex-m3 -std=gnu11 -g3 -DDEBUG -DUSE_HAL_DRIVER -DSTM32F103xB -c -I../Core/Inc -I../Drivers/STM32F1xx_HAL_Driver/Inc -I../Drivers/STM32F1xx_HAL_Driver/Inc/Legacy -I../Drivers/CMSIS/Device/ST/STM32F1xx/Include -I../Drivers/CMSIS/Include -O0 -ffunction-sections -fdata-sections -Wall -fstack-usage -MMD -MP -MF"Drivers/STM32F1xx_HAL_Driver/Src/stm32f1xx_hal_pwr.d" -MT"Drivers/STM32F1xx_HAL_Driver/Src/stm32f1xx_hal_pwr.o" --specs=nano.specs -mfloat-abi=soft -mthumb -o "Drivers/STM32F1xx_HAL_Driver/Src/stm32f1xx_hal_pwr.o"
arm-none-eabi-gcc "../Drivers/STM32F1xx_HAL_Driver/Src/stm32f1xx_hal_rcc.c" -mcpu=cortex-m3 -std=gnu11 -g3 -DDEBUG -DUSE_HAL_DRIVER -DSTM32F103xB -c -I../Core/Inc -I../Drivers/STM32F1xx_HAL_Driver/Inc -I../Drivers/STM32F1xx_HAL_Driver/Inc/Legacy -I../Drivers/CMSIS/Device/ST/STM32F1xx/Include -I../Drivers/CMSIS/Include -O0 -ffunction-sections -fdata-sections -Wall -fstack-usage -MMD -MP -MF"Drivers/STM32F1xx_HAL_Driver/Src/stm32f1xx_hal_rcc.d" -MT"Drivers/STM32F1xx_HAL_Driver/Src/stm32f1xx_hal_rcc.o" --specs=nano.specs -mfloat-abi=soft -mthumb -o "Drivers/STM32F1xx_HAL_Driver/Src/stm32f1xx_hal_rcc.o"
arm-none-eabi-gcc "../Drivers/STM32F1xx_HAL_Driver/Src/stm32f1xx_hal_rcc_ex.c" -mcpu=cortex-m3 -std=gnu11 -g3 -DDEBUG -DUSE_HAL_DRIVER -DSTM32F103xB -c -I../Core/Inc -I../Drivers/STM32F1xx_HAL_Driver/Inc -I../Drivers/STM32F1xx_HAL_Driver/Inc/Legacy -I../Drivers/CMSIS/Device/ST/STM32F1xx/Include -I../Drivers/CMSIS/Include -O0 -ffunction-sections -fdata-sections -Wall -fstack-usage -MMD -MP -MF"Drivers/STM32F1xx_HAL_Driver/Src/stm32f1xx_hal_rcc_ex.d" -MT"Drivers/STM32F1xx_HAL_Driver/Src/stm32f1xx_hal_rcc_ex.o" --specs=nano.specs -mfloat-abi=soft -mthumb -o "Drivers/STM32F1xx_HAL_Driver/Src/stm32f1xx_hal_rcc_ex.o"
arm-none-eabi-gcc "../Drivers/STM32F1xx_HAL_Driver/Src/stm32f1xx_hal_tim.c" -mcpu=cortex-m3 -std=gnu11 -g3 -DDEBUG -DUSE_HAL_DRIVER -DSTM32F103xB -c -I../Core/Inc -I../Drivers/STM32F1xx_HAL_Driver/Inc -I../Drivers/STM32F1xx_HAL_Driver/Inc/Legacy -I../Drivers/CMSIS/Device/ST/STM32F1xx/Include -I../Drivers/CMSIS/Include -O0 -ffunction-sections -fdata-sections -Wall -fstack-usage -MMD -MP -MF"Drivers/STM32F1xx_HAL_Driver/Src/stm32f1xx_hal_tim.d" -MT"Drivers/STM32F1xx_HAL_Driver/Src/stm32f1xx_hal_tim.o" --specs=nano.specs -mfloat-abi=soft -mthumb -o "Drivers/STM32F1xx_HAL_Driver/Src/stm32f1xx_hal_tim.o"
arm-none-eabi-gcc "../Drivers/STM32F1xx_HAL_Driver/Src/stm32f1xx_hal_tim_ex.c" -mcpu=cortex-m3 -std=gnu11 -g3 -DDEBUG -DUSE_HAL_DRIVER -DSTM32F103xB -c -I../Core/Inc -I../Drivers/STM32F1xx_HAL_Driver/Inc -I../Drivers/STM32F1xx_HAL_Driver/Inc/Legacy -I../Drivers/CMSIS/Device/ST/STM32F1xx/Include -I../Drivers/CMSIS/Include -O0 -ffunction-sections -fdata-sections -Wall -fstack-usage -MMD -MP -MF"Drivers/STM32F1xx_HAL_Driver/Src/stm32f1xx_hal_tim_ex.d" -MT"Drivers/STM32F1xx_HAL_Driver/Src/stm32f1xx_hal_tim_ex.o" --specs=nano.specs -mfloat-abi=soft -mthumb -o "Drivers/STM32F1xx_HAL_Driver/Src/stm32f1xx_hal_tim_ex.o"
arm-none-eabi-gcc "../Drivers/STM32F1xx_HAL_Driver/Src/stm32f1xx_hal_uart.c" -mcpu=cortex-m3 -std=gnu11 -g3 -DDEBUG -DUSE_HAL_DRIVER -DSTM32F103xB -c -I../Core/Inc -I../Drivers/STM32F1xx_HAL_Driver/Inc -I../Drivers/STM32F1xx_HAL_Driver/Inc/Legacy -I../Drivers/CMSIS/Device/ST/STM32F1xx/Include -I../Drivers/CMSIS/Include -O0 -ffunction-sections -fdata-sections -Wall -fstack-usage -MMD -MP -MF"Drivers/STM32F1xx_HAL_Driver/Src/stm32f1xx_hal_uart.d" -MT"Drivers/STM32F1xx_HAL_Driver/Src/stm32f1xx_hal_uart.o" --specs=nano.specs -mfloat-abi=soft -mthumb -o "Drivers/STM32F1xx_HAL_Driver/Src/stm32f1xx_hal_uart.o"
arm-none-eabi-gcc "../Core/Src/button.c" -mcpu=cortex-m3 -std=gnu11 -g3 -DDEBUG -DUSE_HAL_DRIVER -DSTM32F103xB -c -I../Core/Inc -I../Drivers/STM32F1xx_HAL_Driver/Inc -I../Drivers/STM32F1xx_HAL_Driver/Inc/Legacy -I../Drivers/CMSIS/Device/ST/STM32F1xx/Include -I../Drivers/CMSIS/Include -O0 -ffunction-sections -fdata-sections -Wall -fstack-usage -MMD -MP -MF"Core/Src/button.d" -MT"Core/Src/button.o" --specs=nano.specs -mfloat-abi=soft -mthumb -o "Core/Src/button.o"
arm-none-eabi-gcc "../Core/Src/main.c" -mcpu=cortex-m3 -std=gnu11 -g3 -DDEBUG -DUSE_HAL_DRIVER -DSTM32F103xB -c -I../Core/Inc -I../Drivers/STM32F1xx_HAL_Driver/Inc -I../Drivers/STM32F1xx_HAL_Driver/Inc/Legacy -I../Drivers/CMSIS/Device/ST/STM32F1xx/Include -I../Drivers/CMSIS/Include -O0 -ffunction-sections -fdata-sections -Wall -fstack-usage -MMD -MP -MF"Core/Src/main.d" -MT"Core/Src/main.o" --specs=nano.specs -mfloat-abi=soft -mthumb -o "Core/Src/main.o"
arm-none-eabi-gcc "../Core/Src/output_display.c" -mcpu=cortex-m3 -std=gnu11 -g3 -DDEBUG -DUSE_HAL_DRIVER -DSTM32F103xB -c -I../Core/Inc -I../Drivers/STM32F1xx_HAL_Driver/Inc -I../Drivers/STM32F1xx_HAL_Driver/Inc/Legacy -I../Drivers/CMSIS/Device/ST/STM32F1xx/Include -I../Drivers/CMSIS/Include -O0 -ffunction-sections -fdata-sections -Wall -fstack-usage -MMD -MP -MF"Core/Src/output_display.d" -MT"Core/Src/output_display.o" --specs=nano.specs -mfloat-abi=soft -mthumb -o "Core/Src/output_display.o"
arm-none-eabi-gcc "../Core/Src/stm32f1xx_hal_msp.c" -mcpu=cortex-m3 -std=gnu11 -g3 -DDEBUG -DUSE_HAL_DRIVER -DSTM32F103xB -c -I../Core/Inc -I../Drivers/STM32F1xx_HAL_Driver/Inc -I../Drivers/STM32F1xx_HAL_Driver/Inc/Legacy -I../Drivers/CMSIS/Device/ST/STM32F1xx/Include -I../Drivers/CMSIS/Include -O0 -ffunction-sections -fdata-sections -Wall -fstack-usage -MMD -MP -MF"Core/Src/stm32f1xx_hal_msp.d" -MT"Core/Src/stm32f1xx_hal_msp.o" --specs=nano.specs -mfloat-abi=soft -mthumb -o "Core/Src/stm32f1xx_hal_msp.o"
arm-none-eabi-gcc "../Core/Src/stm32f1xx_it.c" -mcpu=cortex-m3 -std=gnu11 -g3 -DDEBUG -DUSE_HAL_DRIVER -DSTM32F103xB -c -I../Core/Inc -I../Drivers/STM32F1xx_HAL_Driver/Inc -I../Drivers/STM32F1xx_HAL_Driver/Inc/Legacy -I../Drivers/CMSIS/Device/ST/STM32F1xx/Include -I../Drivers/CMSIS/Include -O0 -ffunction-sections -fdata-sections -Wall -fstack-usage -MMD -MP -MF"Core/Src/stm32f1xx_it.d" -MT"Core/Src/stm32f1xx_it.o" --specs=nano.specs -mfloat-abi=soft -mthumb -o "Core/Src/stm32f1xx_it.o"
arm-none-eabi-gcc "../Core/Src/system_stm32f1xx.c" -mcpu=cortex-m3 -std=gnu11 -g3 -DDEBUG -DUSE_HAL_DRIVER -DSTM32F103xB -c -I../Core/Inc -I../Drivers/STM32F1xx_HAL_Driver/Inc -I../Drivers/STM32F1xx_HAL_Driver/Inc/Legacy -I../Drivers/CMSIS/Device/ST/STM32F1xx/Include -I../Drivers/CMSIS/Include -O0 -ffunction-sections -fdata-sections -Wall -fstack-usage -MMD -MP -MF"Core/Src/system_stm32f1xx.d" -MT"Core/Src/system_stm32f1xx.o" --specs=nano.specs -mfloat-abi=soft -mthumb -o "Core/Src/system_stm32f1xx.o"
arm-none-eabi-gcc -o "stm32.elf" @"objects.list"   -mcpu=cortex-m3 -T"E:\221\MCU\MCU_Project\stm32\STM32F103RBTX_FLASH.ld" --specs=nosys.specs -Wl,-Map="stm32.map" -Wl,--gc-sections -static --specs=nano.specs -mfloat-abi=soft -mthumb -Wl,--start-group -lc -lm -Wl,--end-group
Finished building target: stm32.elf
 
arm-none-eabi-size   stm32.elf 
arm-none-eabi-objdump -h -S  stm32.elf  > "stm32.list"
arm-none-eabi-objcopy  -O ihex  stm32.elf  "stm32.hex"
arm-none-eabi-objcopy  -O binary  stm32.elf  "stm32.bin"
   text	   data	    bss	    dec	    hex	filename
  12800	    140	   1860	  14800	   39d0	stm32.elf
Finished building: default.size.stdout
 
Finished building: stm32.hex
Finished building: stm32.bin
 
 
Finished building: stm32.list
 
12:22:16 **** Incremental Build of configuration Debug for project stm32 ****
make -j4 all 
arm-none-eabi-size   stm32.elf 
   text	   data	    bss	    dec	    hex	filename
  12800	    140	   1860	  14800	   39d0	stm32.elf
Finished building: default.size.stdout
 
12:28:21 **** Incremental Build of configuration Debug for project stm32 ****
make -j4 all 
arm-none-eabi-size   stm32.elf 
   text	   data	    bss	    dec	    hex	filename
  12800	    140	   1860	  14800	   39d0	stm32.elf
Finished building: default.size.stdout
 
12:28:32 **** Incremental Build of configuration Debug for project stm32 ****
make -j4 all 
arm-none-eabi-size   stm32.elf 
   text	   data	    bss	    dec	    hex	filename
  12800	    140	   1860	  14800	   39d0	stm32.elf
Finished building: default.size.stdout
 
12:35:04 **** Incremental Build of configuration Debug for project stm32 ****
make -j4 all 
arm-none-eabi-gcc "../Core/Src/main.c" -mcpu=cortex-m3 -std=gnu11 -g3 -DDEBUG -DUSE_HAL_DRIVER -DSTM32F103xB -c -I../Core/Inc -I../Drivers/STM32F1xx_HAL_Driver/Inc -I../Drivers/STM32F1xx_HAL_Driver/Inc/Legacy -I../Drivers/CMSIS/Device/ST/STM32F1xx/Include -I../Drivers/CMSIS/Include -O0 -ffunction-sections -fdata-sections -Wall -fstack-usage -MMD -MP -MF"Core/Src/main.d" -MT"Core/Src/main.o" --specs=nano.specs -mfloat-abi=soft -mthumb -o "Core/Src/main.o"
arm-none-eabi-gcc -o "stm32.elf" @"objects.list"   -mcpu=cortex-m3 -T"E:\221\MCU\MCU_Project\stm32\STM32F103RBTX_FLASH.ld" --specs=nosys.specs -Wl,-Map="stm32.map" -Wl,--gc-sections -static --specs=nano.specs -mfloat-abi=soft -mthumb -Wl,--start-group -lc -lm -Wl,--end-group
Finished building target: stm32.elf
 
arm-none-eabi-size   stm32.elf 
arm-none-eabi-objdump -h -S  stm32.elf  > "stm32.list"
arm-none-eabi-objcopy  -O ihex  stm32.elf  "stm32.hex"
arm-none-eabi-objcopy  -O binary  stm32.elf  "stm32.bin"
   text	   data	    bss	    dec	    hex	filename
  10880	    100	   1852	  12832	   3220	stm32.elf
Finished building: default.size.stdout
Finished building: stm32.bin
Finished building: stm32.hex
 
 
 
Finished building: stm32.list
 
12:35:13 **** Incremental Build of configuration Debug for project stm32 ****
make -j4 all 
arm-none-eabi-size   stm32.elf 
   text	   data	    bss	    dec	    hex	filename
  10880	    100	   1852	  12832	   3220	stm32.elf
Finished building: default.size.stdout
 
12:35:44 **** Incremental Build of configuration Debug for project stm32 ****
make -j4 all 
arm-none-eabi-gcc "../Core/Src/main.c" -mcpu=cortex-m3 -std=gnu11 -g3 -DDEBUG -DUSE_HAL_DRIVER -DSTM32F103xB -c -I../Core/Inc -I../Drivers/STM32F1xx_HAL_Driver/Inc -I../Drivers/STM32F1xx_HAL_Driver/Inc/Legacy -I../Drivers/CMSIS/Device/ST/STM32F1xx/Include -I../Drivers/CMSIS/Include -O0 -ffunction-sections -fdata-sections -Wall -fstack-usage -MMD -MP -MF"Core/Src/main.d" -MT"Core/Src/main.o" --specs=nano.specs -mfloat-abi=soft -mthumb -o "Core/Src/main.o"
arm-none-eabi-gcc -o "stm32.elf" @"objects.list"   -mcpu=cortex-m3 -T"E:\221\MCU\MCU_Project\stm32\STM32F103RBTX_FLASH.ld" --specs=nosys.specs -Wl,-Map="stm32.map" -Wl,--gc-sections -static --specs=nano.specs -mfloat-abi=soft -mthumb -Wl,--start-group -lc -lm -Wl,--end-group
Finished building target: stm32.elf
 
arm-none-eabi-size   stm32.elf 
arm-none-eabi-objdump -h -S  stm32.elf  > "stm32.list"
arm-none-eabi-objcopy  -O ihex  stm32.elf  "stm32.hex"
arm-none-eabi-objcopy  -O binary  stm32.elf  "stm32.bin"
   text	   data	    bss	    dec	    hex	filename
  10880	    100	   1852	  12832	   3220	stm32.elf
Finished building: default.size.stdout
 
Finished building: stm32.bin
Finished building: stm32.hex
 
 
Finished building: stm32.list
 
12:35:48 **** Incremental Build of configuration Debug for project stm32 ****
make -j4 all 
arm-none-eabi-size   stm32.elf 
   text	   data	    bss	    dec	    hex	filename
  10880	    100	   1852	  12832	   3220	stm32.elf
Finished building: default.size.stdout
 
12:36:04 **** Incremental Build of configuration Debug for project stm32 ****
make -j4 all 
arm-none-eabi-gcc "../Core/Src/main.c" -mcpu=cortex-m3 -std=gnu11 -g3 -DDEBUG -DUSE_HAL_DRIVER -DSTM32F103xB -c -I../Core/Inc -I../Drivers/STM32F1xx_HAL_Driver/Inc -I../Drivers/STM32F1xx_HAL_Driver/Inc/Legacy -I../Drivers/CMSIS/Device/ST/STM32F1xx/Include -I../Drivers/CMSIS/Include -O0 -ffunction-sections -fdata-sections -Wall -fstack-usage -MMD -MP -MF"Core/Src/main.d" -MT"Core/Src/main.o" --specs=nano.specs -mfloat-abi=soft -mthumb -o "Core/Src/main.o"
arm-none-eabi-gcc -o "stm32.elf" @"objects.list"   -mcpu=cortex-m3 -T"E:\221\MCU\MCU_Project\stm32\STM32F103RBTX_FLASH.ld" --specs=nosys.specs -Wl,-Map="stm32.map" -Wl,--gc-sections -static --specs=nano.specs -mfloat-abi=soft -mthumb -Wl,--start-group -lc -lm -Wl,--end-group
Finished building target: stm32.elf
 
arm-none-eabi-size   stm32.elf 
arm-none-eabi-objdump -h -S  stm32.elf  > "stm32.list"
arm-none-eabi-objcopy  -O ihex  stm32.elf  "stm32.hex"
arm-none-eabi-objcopy  -O binary  stm32.elf  "stm32.bin"
   text	   data	    bss	    dec	    hex	filename
  10880	    100	   1852	  12832	   3220	stm32.elf
Finished building: default.size.stdout
 
Finished building: stm32.hex
Finished building: stm32.list
 
Finished building: stm32.bin
 
 
12:36:07 **** Incremental Build of configuration Debug for project stm32 ****
make -j4 all 
arm-none-eabi-size   stm32.elf 
   text	   data	    bss	    dec	    hex	filename
  10880	    100	   1852	  12832	   3220	stm32.elf
Finished building: default.size.stdout
 
12:37:01 **** Incremental Build of configuration Debug for project stm32 ****
make -j4 all 
arm-none-eabi-gcc "../Core/Src/main.c" -mcpu=cortex-m3 -std=gnu11 -g3 -DDEBUG -DUSE_HAL_DRIVER -DSTM32F103xB -c -I../Core/Inc -I../Drivers/STM32F1xx_HAL_Driver/Inc -I../Drivers/STM32F1xx_HAL_Driver/Inc/Legacy -I../Drivers/CMSIS/Device/ST/STM32F1xx/Include -I../Drivers/CMSIS/Include -O0 -ffunction-sections -fdata-sections -Wall -fstack-usage -MMD -MP -MF"Core/Src/main.d" -MT"Core/Src/main.o" --specs=nano.specs -mfloat-abi=soft -mthumb -o "Core/Src/main.o"
arm-none-eabi-gcc -o "stm32.elf" @"objects.list"   -mcpu=cortex-m3 -T"E:\221\MCU\MCU_Project\stm32\STM32F103RBTX_FLASH.ld" --specs=nosys.specs -Wl,-Map="stm32.map" -Wl,--gc-sections -static --specs=nano.specs -mfloat-abi=soft -mthumb -Wl,--start-group -lc -lm -Wl,--end-group
Finished building target: stm32.elf
 
arm-none-eabi-size   stm32.elf 
arm-none-eabi-objdump -h -S  stm32.elf  > "stm32.list"
arm-none-eabi-objcopy  -O ihex  stm32.elf  "stm32.hex"
arm-none-eabi-objcopy  -O binary  stm32.elf  "stm32.bin"
   text	   data	    bss	    dec	    hex	filename
  10880	    100	   1852	  12832	   3220	stm32.elf
Finished building: default.size.stdout
 
Finished building: stm32.hex
Finished building: stm32.bin
 
 
Finished building: stm32.list
 
12:37:10 **** Incremental Build of configuration Debug for project stm32 ****
make -j4 all 
arm-none-eabi-size   stm32.elf 
   text	   data	    bss	    dec	    hex	filename
  10880	    100	   1852	  12832	   3220	stm32.elf
Finished building: default.size.stdout
 
12:38:06 **** Incremental Build of configuration Debug for project stm32 ****
make -j4 all 
arm-none-eabi-gcc "../Core/Src/fsm_pedestrian.c" -mcpu=cortex-m3 -std=gnu11 -g3 -DDEBUG -DUSE_HAL_DRIVER -DSTM32F103xB -c -I../Core/Inc -I../Drivers/STM32F1xx_HAL_Driver/Inc -I../Drivers/STM32F1xx_HAL_Driver/Inc/Legacy -I../Drivers/CMSIS/Device/ST/STM32F1xx/Include -I../Drivers/CMSIS/Include -O0 -ffunction-sections -fdata-sections -Wall -fstack-usage -MMD -MP -MF"Core/Src/fsm_pedestrian.d" -MT"Core/Src/fsm_pedestrian.o" --specs=nano.specs -mfloat-abi=soft -mthumb -o "Core/Src/fsm_pedestrian.o"
arm-none-eabi-gcc -o "stm32.elf" @"objects.list"   -mcpu=cortex-m3 -T"E:\221\MCU\MCU_Project\stm32\STM32F103RBTX_FLASH.ld" --specs=nosys.specs -Wl,-Map="stm32.map" -Wl,--gc-sections -static --specs=nano.specs -mfloat-abi=soft -mthumb -Wl,--start-group -lc -lm -Wl,--end-group
Finished building target: stm32.elf
 
arm-none-eabi-size   stm32.elf 
arm-none-eabi-objdump -h -S  stm32.elf  > "stm32.list"
arm-none-eabi-objcopy  -O ihex  stm32.elf  "stm32.hex"
   text	   data	    bss	    dec	    hex	filename
  10880	    100	   1852	  12832	   3220	stm32.elf
arm-none-eabi-objcopy  -O binary  stm32.elf  "stm32.bin"
Finished building: default.size.stdout
 
Finished building: stm32.bin
Finished building: stm32.hex
 
 
Finished building: stm32.list
 
12:38:15 **** Incremental Build of configuration Debug for project stm32 ****
make -j4 all 
arm-none-eabi-size   stm32.elf 
   text	   data	    bss	    dec	    hex	filename
  10880	    100	   1852	  12832	   3220	stm32.elf
Finished building: default.size.stdout
 
12:39:27 **** Incremental Build of configuration Debug for project stm32 ****
make -j4 all 
arm-none-eabi-gcc "../Core/Src/main.c" -mcpu=cortex-m3 -std=gnu11 -g3 -DDEBUG -DUSE_HAL_DRIVER -DSTM32F103xB -c -I../Core/Inc -I../Drivers/STM32F1xx_HAL_Driver/Inc -I../Drivers/STM32F1xx_HAL_Driver/Inc/Legacy -I../Drivers/CMSIS/Device/ST/STM32F1xx/Include -I../Drivers/CMSIS/Include -O0 -ffunction-sections -fdata-sections -Wall -fstack-usage -MMD -MP -MF"Core/Src/main.d" -MT"Core/Src/main.o" --specs=nano.specs -mfloat-abi=soft -mthumb -o "Core/Src/main.o"
arm-none-eabi-gcc -o "stm32.elf" @"objects.list"   -mcpu=cortex-m3 -T"E:\221\MCU\MCU_Project\stm32\STM32F103RBTX_FLASH.ld" --specs=nosys.specs -Wl,-Map="stm32.map" -Wl,--gc-sections -static --specs=nano.specs -mfloat-abi=soft -mthumb -Wl,--start-group -lc -lm -Wl,--end-group
Finished building target: stm32.elf
 
arm-none-eabi-size   stm32.elf 
arm-none-eabi-objdump -h -S  stm32.elf  > "stm32.list"
arm-none-eabi-objcopy  -O ihex  stm32.elf  "stm32.hex"
arm-none-eabi-objcopy  -O binary  stm32.elf  "stm32.bin"
   text	   data	    bss	    dec	    hex	filename
  12840	    140	   1860	  14840	   39f8	stm32.elf
Finished building: default.size.stdout
 
Finished building: stm32.hex
Finished building: stm32.bin
 
 
Finished building: stm32.list
 
12:39:34 **** Incremental Build of configuration Debug for project stm32 ****
make -j4 all 
arm-none-eabi-size   stm32.elf 
   text	   data	    bss	    dec	    hex	filename
  12840	    140	   1860	  14840	   39f8	stm32.elf
Finished building: default.size.stdout
 
12:48:55 **** Incremental Build of configuration Debug for project stm32 ****
make -j4 all 
arm-none-eabi-gcc "../Core/Src/main.c" -mcpu=cortex-m3 -std=gnu11 -g3 -DDEBUG -DUSE_HAL_DRIVER -DSTM32F103xB -c -I../Core/Inc -I../Drivers/STM32F1xx_HAL_Driver/Inc -I../Drivers/STM32F1xx_HAL_Driver/Inc/Legacy -I../Drivers/CMSIS/Device/ST/STM32F1xx/Include -I../Drivers/CMSIS/Include -O0 -ffunction-sections -fdata-sections -Wall -fstack-usage -MMD -MP -MF"Core/Src/main.d" -MT"Core/Src/main.o" --specs=nano.specs -mfloat-abi=soft -mthumb -o "Core/Src/main.o"
arm-none-eabi-gcc "../Core/Src/output_display.c" -mcpu=cortex-m3 -std=gnu11 -g3 -DDEBUG -DUSE_HAL_DRIVER -DSTM32F103xB -c -I../Core/Inc -I../Drivers/STM32F1xx_HAL_Driver/Inc -I../Drivers/STM32F1xx_HAL_Driver/Inc/Legacy -I../Drivers/CMSIS/Device/ST/STM32F1xx/Include -I../Drivers/CMSIS/Include -O0 -ffunction-sections -fdata-sections -Wall -fstack-usage -MMD -MP -MF"Core/Src/output_display.d" -MT"Core/Src/output_display.o" --specs=nano.specs -mfloat-abi=soft -mthumb -o "Core/Src/output_display.o"
../Core/Src/main.c: In function 'main':
../Core/Src/main.c:123:5: warning: implicit declaration of function 'blinkPA51s' [-Wimplicit-function-declaration]
  123 |     blinkPA51s();
      |     ^~~~~~~~~~
arm-none-eabi-gcc -o "stm32.elf" @"objects.list"   -mcpu=cortex-m3 -T"E:\221\MCU\MCU_Project\stm32\STM32F103RBTX_FLASH.ld" --specs=nosys.specs -Wl,-Map="stm32.map" -Wl,--gc-sections -static --specs=nano.specs -mfloat-abi=soft -mthumb -Wl,--start-group -lc -lm -Wl,--end-group
Finished building target: stm32.elf
 
arm-none-eabi-size   stm32.elf 
arm-none-eabi-objdump -h -S  stm32.elf  > "stm32.list"
arm-none-eabi-objcopy  -O ihex  stm32.elf  "stm32.hex"
arm-none-eabi-objcopy  -O binary  stm32.elf  "stm32.bin"
   text	   data	    bss	    dec	    hex	filename
  12992	    140	   1860	  14992	   3a90	stm32.elf
Finished building: default.size.stdout
 
Finished building: stm32.hex
Finished building: stm32.bin
 
 
Finished building: stm32.list
 
12:49:25 **** Incremental Build of configuration Debug for project stm32 ****
make -j4 all 
arm-none-eabi-gcc "../Core/Src/button.c" -mcpu=cortex-m3 -std=gnu11 -g3 -DDEBUG -DUSE_HAL_DRIVER -DSTM32F103xB -c -I../Core/Inc -I../Drivers/STM32F1xx_HAL_Driver/Inc -I../Drivers/STM32F1xx_HAL_Driver/Inc/Legacy -I../Drivers/CMSIS/Device/ST/STM32F1xx/Include -I../Drivers/CMSIS/Include -O0 -ffunction-sections -fdata-sections -Wall -fstack-usage -MMD -MP -MF"Core/Src/button.d" -MT"Core/Src/button.o" --specs=nano.specs -mfloat-abi=soft -mthumb -o "Core/Src/button.o"
arm-none-eabi-gcc "../Core/Src/fsm_auto.c" -mcpu=cortex-m3 -std=gnu11 -g3 -DDEBUG -DUSE_HAL_DRIVER -DSTM32F103xB -c -I../Core/Inc -I../Drivers/STM32F1xx_HAL_Driver/Inc -I../Drivers/STM32F1xx_HAL_Driver/Inc/Legacy -I../Drivers/CMSIS/Device/ST/STM32F1xx/Include -I../Drivers/CMSIS/Include -O0 -ffunction-sections -fdata-sections -Wall -fstack-usage -MMD -MP -MF"Core/Src/fsm_auto.d" -MT"Core/Src/fsm_auto.o" --specs=nano.specs -mfloat-abi=soft -mthumb -o "Core/Src/fsm_auto.o"
arm-none-eabi-gcc "../Core/Src/fsm_manual.c" -mcpu=cortex-m3 -std=gnu11 -g3 -DDEBUG -DUSE_HAL_DRIVER -DSTM32F103xB -c -I../Core/Inc -I../Drivers/STM32F1xx_HAL_Driver/Inc -I../Drivers/STM32F1xx_HAL_Driver/Inc/Legacy -I../Drivers/CMSIS/Device/ST/STM32F1xx/Include -I../Drivers/CMSIS/Include -O0 -ffunction-sections -fdata-sections -Wall -fstack-usage -MMD -MP -MF"Core/Src/fsm_manual.d" -MT"Core/Src/fsm_manual.o" --specs=nano.specs -mfloat-abi=soft -mthumb -o "Core/Src/fsm_manual.o"
arm-none-eabi-gcc "../Core/Src/fsm_pedestrian.c" -mcpu=cortex-m3 -std=gnu11 -g3 -DDEBUG -DUSE_HAL_DRIVER -DSTM32F103xB -c -I../Core/Inc -I../Drivers/STM32F1xx_HAL_Driver/Inc -I../Drivers/STM32F1xx_HAL_Driver/Inc/Legacy -I../Drivers/CMSIS/Device/ST/STM32F1xx/Include -I../Drivers/CMSIS/Include -O0 -ffunction-sections -fdata-sections -Wall -fstack-usage -MMD -MP -MF"Core/Src/fsm_pedestrian.d" -MT"Core/Src/fsm_pedestrian.o" --specs=nano.specs -mfloat-abi=soft -mthumb -o "Core/Src/fsm_pedestrian.o"
arm-none-eabi-gcc "../Core/Src/main.c" -mcpu=cortex-m3 -std=gnu11 -g3 -DDEBUG -DUSE_HAL_DRIVER -DSTM32F103xB -c -I../Core/Inc -I../Drivers/STM32F1xx_HAL_Driver/Inc -I../Drivers/STM32F1xx_HAL_Driver/Inc/Legacy -I../Drivers/CMSIS/Device/ST/STM32F1xx/Include -I../Drivers/CMSIS/Include -O0 -ffunction-sections -fdata-sections -Wall -fstack-usage -MMD -MP -MF"Core/Src/main.d" -MT"Core/Src/main.o" --specs=nano.specs -mfloat-abi=soft -mthumb -o "Core/Src/main.o"
arm-none-eabi-gcc "../Core/Src/output_display.c" -mcpu=cortex-m3 -std=gnu11 -g3 -DDEBUG -DUSE_HAL_DRIVER -DSTM32F103xB -c -I../Core/Inc -I../Drivers/STM32F1xx_HAL_Driver/Inc -I../Drivers/STM32F1xx_HAL_Driver/Inc/Legacy -I../Drivers/CMSIS/Device/ST/STM32F1xx/Include -I../Drivers/CMSIS/Include -O0 -ffunction-sections -fdata-sections -Wall -fstack-usage -MMD -MP -MF"Core/Src/output_display.d" -MT"Core/Src/output_display.o" --specs=nano.specs -mfloat-abi=soft -mthumb -o "Core/Src/output_display.o"
arm-none-eabi-gcc -o "stm32.elf" @"objects.list"   -mcpu=cortex-m3 -T"E:\221\MCU\MCU_Project\stm32\STM32F103RBTX_FLASH.ld" --specs=nosys.specs -Wl,-Map="stm32.map" -Wl,--gc-sections -static --specs=nano.specs -mfloat-abi=soft -mthumb -Wl,--start-group -lc -lm -Wl,--end-group
Finished building target: stm32.elf
 
arm-none-eabi-size   stm32.elf 
arm-none-eabi-objdump -h -S  stm32.elf  > "stm32.list"
arm-none-eabi-objcopy  -O ihex  stm32.elf  "stm32.hex"
arm-none-eabi-objcopy  -O binary  stm32.elf  "stm32.bin"
   text	   data	    bss	    dec	    hex	filename
  12992	    140	   1860	  14992	   3a90	stm32.elf
Finished building: default.size.stdout
 
Finished building: stm32.hex
Finished building: stm32.bin
 
 
Finished building: stm32.list
 
12:49:31 **** Incremental Build of configuration Debug for project stm32 ****
make -j4 all 
arm-none-eabi-size   stm32.elf 
   text	   data	    bss	    dec	    hex	filename
  12992	    140	   1860	  14992	   3a90	stm32.elf
Finished building: default.size.stdout
 
13:17:02 **** Incremental Build of configuration Debug for project stm32 ****
make -j4 all 
arm-none-eabi-size   stm32.elf 
   text	   data	    bss	    dec	    hex	filename
  12992	    140	   1860	  14992	   3a90	stm32.elf
Finished building: default.size.stdout
 
13:21:02 **** Incremental Build of configuration Debug for project stm32 ****
make -j4 all 
arm-none-eabi-gcc "../Core/Src/main.c" -mcpu=cortex-m3 -std=gnu11 -g3 -DDEBUG -DUSE_HAL_DRIVER -DSTM32F103xB -c -I../Core/Inc -I../Drivers/STM32F1xx_HAL_Driver/Inc -I../Drivers/STM32F1xx_HAL_Driver/Inc/Legacy -I../Drivers/CMSIS/Device/ST/STM32F1xx/Include -I../Drivers/CMSIS/Include -O0 -ffunction-sections -fdata-sections -Wall -fstack-usage -MMD -MP -MF"Core/Src/main.d" -MT"Core/Src/main.o" --specs=nano.specs -mfloat-abi=soft -mthumb -o "Core/Src/main.o"
In file included from ../Core/Inc/stm32f1xx_hal_conf.h:333,
                 from ../Drivers/STM32F1xx_HAL_Driver/Inc/stm32f1xx_hal.h:30,
                 from ../Core/Inc/main.h:31,
                 from ../Core/Src/main.c:21:
../Core/Src/main.c: In function 'main':
../Core/Src/main.c:126:49: error: 'x' undeclared (first use in this function)
  126 |     __HAL_TIM_SET_COMPARE(&htim3,TIM_CHANNEL_1, x*x);
      |                                                 ^
../Drivers/STM32F1xx_HAL_Driver/Inc/stm32f1xx_hal_tim.h:1388:72: note: in definition of macro '__HAL_TIM_SET_COMPARE'
 1388 |   (((__CHANNEL__) == TIM_CHANNEL_1) ? ((__HANDLE__)->Instance->CCR1 = (__COMPARE__)) :\
      |                                                                        ^~~~~~~~~~~
../Core/Src/main.c:126:49: note: each undeclared identifier is reported only once for each function it appears in
  126 |     __HAL_TIM_SET_COMPARE(&htim3,TIM_CHANNEL_1, x*x);
      |                                                 ^
../Drivers/STM32F1xx_HAL_Driver/Inc/stm32f1xx_hal_tim.h:1388:72: note: in definition of macro '__HAL_TIM_SET_COMPARE'
 1388 |   (((__CHANNEL__) == TIM_CHANNEL_1) ? ((__HANDLE__)->Instance->CCR1 = (__COMPARE__)) :\
      |                                                                        ^~~~~~~~~~~
make: *** [Core/Src/subdir.mk:55: Core/Src/main.o] Error 1
"make -j4 all" terminated with exit code 2. Build might be incomplete.
13:21:15 **** Incremental Build of configuration Debug for project stm32 ****
make -j4 all 
arm-none-eabi-gcc "../Core/Src/main.c" -mcpu=cortex-m3 -std=gnu11 -g3 -DDEBUG -DUSE_HAL_DRIVER -DSTM32F103xB -c -I../Core/Inc -I../Drivers/STM32F1xx_HAL_Driver/Inc -I../Drivers/STM32F1xx_HAL_Driver/Inc/Legacy -I../Drivers/CMSIS/Device/ST/STM32F1xx/Include -I../Drivers/CMSIS/Include -O0 -ffunction-sections -fdata-sections -Wall -fstack-usage -MMD -MP -MF"Core/Src/main.d" -MT"Core/Src/main.o" --specs=nano.specs -mfloat-abi=soft -mthumb -o "Core/Src/main.o"
arm-none-eabi-gcc -o "stm32.elf" @"objects.list"   -mcpu=cortex-m3 -T"E:\221\MCU\MCU_Project\stm32\STM32F103RBTX_FLASH.ld" --specs=nosys.specs -Wl,-Map="stm32.map" -Wl,--gc-sections -static --specs=nano.specs -mfloat-abi=soft -mthumb -Wl,--start-group -lc -lm -Wl,--end-group
Finished building target: stm32.elf
 
arm-none-eabi-size   stm32.elf 
arm-none-eabi-objdump -h -S  stm32.elf  > "stm32.list"
arm-none-eabi-objcopy  -O ihex  stm32.elf  "stm32.hex"
arm-none-eabi-objcopy  -O binary  stm32.elf  "stm32.bin"
   text	   data	    bss	    dec	    hex	filename
  10960	    100	   1852	  12912	   3270	stm32.elf
Finished building: default.size.stdout
 
Finished building: stm32.bin
 
Finished building: stm32.hex
 
Finished building: stm32.list
 
13:21:29 **** Incremental Build of configuration Debug for project stm32 ****
make -j4 all 
arm-none-eabi-size   stm32.elf 
   text	   data	    bss	    dec	    hex	filename
  10960	    100	   1852	  12912	   3270	stm32.elf
Finished building: default.size.stdout
 
13:22:42 **** Incremental Build of configuration Debug for project stm32 ****
make -j4 all 
arm-none-eabi-gcc "../Core/Src/main.c" -mcpu=cortex-m3 -std=gnu11 -g3 -DDEBUG -DUSE_HAL_DRIVER -DSTM32F103xB -c -I../Core/Inc -I../Drivers/STM32F1xx_HAL_Driver/Inc -I../Drivers/STM32F1xx_HAL_Driver/Inc/Legacy -I../Drivers/CMSIS/Device/ST/STM32F1xx/Include -I../Drivers/CMSIS/Include -O0 -ffunction-sections -fdata-sections -Wall -fstack-usage -MMD -MP -MF"Core/Src/main.d" -MT"Core/Src/main.o" --specs=nano.specs -mfloat-abi=soft -mthumb -o "Core/Src/main.o"
arm-none-eabi-gcc -o "stm32.elf" @"objects.list"   -mcpu=cortex-m3 -T"E:\221\MCU\MCU_Project\stm32\STM32F103RBTX_FLASH.ld" --specs=nosys.specs -Wl,-Map="stm32.map" -Wl,--gc-sections -static --specs=nano.specs -mfloat-abi=soft -mthumb -Wl,--start-group -lc -lm -Wl,--end-group
Finished building target: stm32.elf
 
arm-none-eabi-size   stm32.elf 
arm-none-eabi-objdump -h -S  stm32.elf  > "stm32.list"
arm-none-eabi-objcopy  -O ihex  stm32.elf  "stm32.hex"
arm-none-eabi-objcopy  -O binary  stm32.elf  "stm32.bin"
   text	   data	    bss	    dec	    hex	filename
  10956	    100	   1852	  12908	   326c	stm32.elf
Finished building: default.size.stdout
 
Finished building: stm32.hex
Finished building: stm32.bin
 
Finished building: stm32.list
 
 
13:22:48 **** Incremental Build of configuration Debug for project stm32 ****
make -j4 all 
arm-none-eabi-size   stm32.elf 
   text	   data	    bss	    dec	    hex	filename
  10956	    100	   1852	  12908	   326c	stm32.elf
Finished building: default.size.stdout
 
13:33:15 **** Incremental Build of configuration Debug for project stm32 ****
make -j4 all 
arm-none-eabi-gcc "../Core/Src/main.c" -mcpu=cortex-m3 -std=gnu11 -g3 -DDEBUG -DUSE_HAL_DRIVER -DSTM32F103xB -c -I../Core/Inc -I../Drivers/STM32F1xx_HAL_Driver/Inc -I../Drivers/STM32F1xx_HAL_Driver/Inc/Legacy -I../Drivers/CMSIS/Device/ST/STM32F1xx/Include -I../Drivers/CMSIS/Include -O0 -ffunction-sections -fdata-sections -Wall -fstack-usage -MMD -MP -MF"Core/Src/main.d" -MT"Core/Src/main.o" --specs=nano.specs -mfloat-abi=soft -mthumb -o "Core/Src/main.o"
arm-none-eabi-gcc -o "stm32.elf" @"objects.list"   -mcpu=cortex-m3 -T"E:\221\MCU\MCU_Project\stm32\STM32F103RBTX_FLASH.ld" --specs=nosys.specs -Wl,-Map="stm32.map" -Wl,--gc-sections -static --specs=nano.specs -mfloat-abi=soft -mthumb -Wl,--start-group -lc -lm -Wl,--end-group
Finished building target: stm32.elf
 
arm-none-eabi-size   stm32.elf 
arm-none-eabi-objdump -h -S  stm32.elf  > "stm32.list"
arm-none-eabi-objcopy  -O ihex  stm32.elf  "stm32.hex"
arm-none-eabi-objcopy  -O binary  stm32.elf  "stm32.bin"
   text	   data	    bss	    dec	    hex	filename
  10956	    100	   1852	  12908	   326c	stm32.elf
Finished building: default.size.stdout
 
Finished building: stm32.bin
Finished building: stm32.list
Finished building: stm32.hex
 
 
 
13:33:26 **** Incremental Build of configuration Debug for project stm32 ****
make -j4 all 
arm-none-eabi-size   stm32.elf 
   text	   data	    bss	    dec	    hex	filename
  10956	    100	   1852	  12908	   326c	stm32.elf
Finished building: default.size.stdout
 
13:50:08 **** Incremental Build of configuration Debug for project stm32 ****
make -j4 all 
arm-none-eabi-gcc "../Core/Src/main.c" -mcpu=cortex-m3 -std=gnu11 -g3 -DDEBUG -DUSE_HAL_DRIVER -DSTM32F103xB -c -I../Core/Inc -I../Drivers/STM32F1xx_HAL_Driver/Inc -I../Drivers/STM32F1xx_HAL_Driver/Inc/Legacy -I../Drivers/CMSIS/Device/ST/STM32F1xx/Include -I../Drivers/CMSIS/Include -O0 -ffunction-sections -fdata-sections -Wall -fstack-usage -MMD -MP -MF"Core/Src/main.d" -MT"Core/Src/main.o" --specs=nano.specs -mfloat-abi=soft -mthumb -o "Core/Src/main.o"
../Core/Src/main.c: In function 'main':
../Core/Src/main.c:128:8: warning: implicit declaration of function 'HAL_DELAY' [-Wimplicit-function-declaration]
  128 |        HAL_DELAY(100);
      |        ^~~~~~~~~
arm-none-eabi-gcc -o "stm32.elf" @"objects.list"   -mcpu=cortex-m3 -T"E:\221\MCU\MCU_Project\stm32\STM32F103RBTX_FLASH.ld" --specs=nosys.specs -Wl,-Map="stm32.map" -Wl,--gc-sections -static --specs=nano.specs -mfloat-abi=soft -mthumb -Wl,--start-group -lc -lm -Wl,--end-group
d:\stm32\stm32cubeide_1.7.0\stm32cubeide\plugins\com.st.stm32cube.ide.mcu.externaltools.gnu-tools-for-stm32.9-2020-q2-update.win32_2.0.0.202105311346\tools\arm-none-eabi\bin\ld.exe: ./Core/Src/main.o: in function `main':
E:/221/MCU/MCU_Project/stm32/Debug/../Core/Src/main.c:128: undefined reference to `HAL_DELAY'
collect2.exe: error: ld returned 1 exit status
make: *** [makefile:68: stm32.elf] Error 1
"make -j4 all" terminated with exit code 2. Build might be incomplete.
13:50:42 **** Incremental Build of configuration Debug for project stm32 ****
make -j4 all 
arm-none-eabi-gcc "../Core/Src/main.c" -mcpu=cortex-m3 -std=gnu11 -g3 -DDEBUG -DUSE_HAL_DRIVER -DSTM32F103xB -c -I../Core/Inc -I../Drivers/STM32F1xx_HAL_Driver/Inc -I../Drivers/STM32F1xx_HAL_Driver/Inc/Legacy -I../Drivers/CMSIS/Device/ST/STM32F1xx/Include -I../Drivers/CMSIS/Include -O0 -ffunction-sections -fdata-sections -Wall -fstack-usage -MMD -MP -MF"Core/Src/main.d" -MT"Core/Src/main.o" --specs=nano.specs -mfloat-abi=soft -mthumb -o "Core/Src/main.o"
arm-none-eabi-gcc -o "stm32.elf" @"objects.list"   -mcpu=cortex-m3 -T"E:\221\MCU\MCU_Project\stm32\STM32F103RBTX_FLASH.ld" --specs=nosys.specs -Wl,-Map="stm32.map" -Wl,--gc-sections -static --specs=nano.specs -mfloat-abi=soft -mthumb -Wl,--start-group -lc -lm -Wl,--end-group
Finished building target: stm32.elf
 
arm-none-eabi-size   stm32.elf 
arm-none-eabi-objdump -h -S  stm32.elf  > "stm32.list"
arm-none-eabi-objcopy  -O ihex  stm32.elf  "stm32.hex"
arm-none-eabi-objcopy  -O binary  stm32.elf  "stm32.bin"
   text	   data	    bss	    dec	    hex	filename
  10952	    100	   1852	  12904	   3268	stm32.elf
Finished building: default.size.stdout
 
Finished building: stm32.bin
Finished building: stm32.hex
 
 
Finished building: stm32.list
 
13:50:48 **** Incremental Build of configuration Debug for project stm32 ****
make -j4 all 
arm-none-eabi-size   stm32.elf 
   text	   data	    bss	    dec	    hex	filename
  10952	    100	   1852	  12904	   3268	stm32.elf
Finished building: default.size.stdout
 
14:12:25 **** Incremental Build of configuration Debug for project stm32 ****
make -j4 all 
arm-none-eabi-gcc "../Core/Src/main.c" -mcpu=cortex-m3 -std=gnu11 -g3 -DDEBUG -DUSE_HAL_DRIVER -DSTM32F103xB -c -I../Core/Inc -I../Drivers/STM32F1xx_HAL_Driver/Inc -I../Drivers/STM32F1xx_HAL_Driver/Inc/Legacy -I../Drivers/CMSIS/Device/ST/STM32F1xx/Include -I../Drivers/CMSIS/Include -O0 -ffunction-sections -fdata-sections -Wall -fstack-usage -MMD -MP -MF"Core/Src/main.d" -MT"Core/Src/main.o" --specs=nano.specs -mfloat-abi=soft -mthumb -o "Core/Src/main.o"
arm-none-eabi-gcc -o "stm32.elf" @"objects.list"   -mcpu=cortex-m3 -T"E:\221\MCU\MCU_Project\stm32\STM32F103RBTX_FLASH.ld" --specs=nosys.specs -Wl,-Map="stm32.map" -Wl,--gc-sections -static --specs=nano.specs -mfloat-abi=soft -mthumb -Wl,--start-group -lc -lm -Wl,--end-group
Finished building target: stm32.elf
 
arm-none-eabi-size   stm32.elf 
arm-none-eabi-objdump -h -S  stm32.elf  > "stm32.list"
arm-none-eabi-objcopy  -O ihex  stm32.elf  "stm32.hex"
arm-none-eabi-objcopy  -O binary  stm32.elf  "stm32.bin"
   text	   data	    bss	    dec	    hex	filename
  10856	    100	   1852	  12808	   3208	stm32.elf
Finished building: default.size.stdout
 
Finished building: stm32.hex
Finished building: stm32.bin
 
 
Finished building: stm32.list
 
14:12:30 **** Incremental Build of configuration Debug for project stm32 ****
make -j4 all 
arm-none-eabi-size   stm32.elf 
   text	   data	    bss	    dec	    hex	filename
  10856	    100	   1852	  12808	   3208	stm32.elf
Finished building: default.size.stdout
 
14:20:32 **** Incremental Build of configuration Debug for project stm32 ****
make -j4 all 
arm-none-eabi-gcc "../Core/Src/main.c" -mcpu=cortex-m3 -std=gnu11 -g3 -DDEBUG -DUSE_HAL_DRIVER -DSTM32F103xB -c -I../Core/Inc -I../Drivers/STM32F1xx_HAL_Driver/Inc -I../Drivers/STM32F1xx_HAL_Driver/Inc/Legacy -I../Drivers/CMSIS/Device/ST/STM32F1xx/Include -I../Drivers/CMSIS/Include -O0 -ffunction-sections -fdata-sections -Wall -fstack-usage -MMD -MP -MF"Core/Src/main.d" -MT"Core/Src/main.o" --specs=nano.specs -mfloat-abi=soft -mthumb -o "Core/Src/main.o"
arm-none-eabi-gcc -o "stm32.elf" @"objects.list"   -mcpu=cortex-m3 -T"E:\221\MCU\MCU_Project\stm32\STM32F103RBTX_FLASH.ld" --specs=nosys.specs -Wl,-Map="stm32.map" -Wl,--gc-sections -static --specs=nano.specs -mfloat-abi=soft -mthumb -Wl,--start-group -lc -lm -Wl,--end-group
[...]
Finished building: default.size.stdout
 
15:48:29 **** Incremental Build of configuration Debug for project stm32 ****
make -j4 all 
arm-none-eabi-gcc "../Core/Src/fsm_auto.c" -mcpu=cortex-m3 -std=gnu11 -g3 -DDEBUG -DUSE_HAL_DRIVER -DSTM32F103xB -c -I../Core/Inc -I../Drivers/STM32F1xx_HAL_Driver/Inc -I../Drivers/STM32F1xx_HAL_Driver/Inc/Legacy -I../Drivers/CMSIS/Device/ST/STM32F1xx/Include -I../Drivers/CMSIS/Include -O0 -ffunction-sections -fdata-sections -Wall -fstack-usage -MMD -MP -MF"Core/Src/fsm_auto.d" -MT"Core/Src/fsm_auto.o" --specs=nano.specs -mfloat-abi=soft -mthumb -o "Core/Src/fsm_auto.o"
arm-none-eabi-gcc "../Core/Src/fsm_manual.c" -mcpu=cortex-m3 -std=gnu11 -g3 -DDEBUG -DUSE_HAL_DRIVER -DSTM32F103xB -c -I../Core/Inc -I../Drivers/STM32F1xx_HAL_Driver/Inc -I../Drivers/STM32F1xx_HAL_Driver/Inc/Legacy -I../Drivers/CMSIS/Device/ST/STM32F1xx/Include -I../Drivers/CMSIS/Include -O0 -ffunction-sections -fdata-sections -Wall -fstack-usage -MMD -MP -MF"Core/Src/fsm_manual.d" -MT"Core/Src/fsm_manual.o" --specs=nano.specs -mfloat-abi=soft -mthumb -o "Core/Src/fsm_manual.o"
arm-none-eabi-gcc "../Core/Src/fsm_pedestrian.c" -mcpu=cortex-m3 -std=gnu11 -g3 -DDEBUG -DUSE_HAL_DRIVER -DSTM32F103xB -c -I../Core/Inc -I../Drivers/STM32F1xx_HAL_Driver/Inc -I../Drivers/STM32F1xx_HAL_Driver/Inc/Legacy -I../Drivers/CMSIS/Device/ST/STM32F1xx/Include -I../Drivers/CMSIS/Include -O0 -ffunction-sections -fdata-sections -Wall -fstack-usage -MMD -MP -MF"Core/Src/fsm_pedestrian.d" -MT"Core/Src/fsm_pedestrian.o" --specs=nano.specs -mfloat-abi=soft -mthumb -o "Core/Src/fsm_pedestrian.o"
arm-none-eabi-gcc "../Core/Src/global.c" -mcpu=cortex-m3 -std=gnu11 -g3 -DDEBUG -DUSE_HAL_DRIVER -DSTM32F103xB -c -I../Core/Inc -I../Drivers/STM32F1xx_HAL_Driver/Inc -I../Drivers/STM32F1xx_HAL_Driver/Inc/Legacy -I../Drivers/CMSIS/Device/ST/STM32F1xx/Include -I../Drivers/CMSIS/Include -O0 -ffunction-sections -fdata-sections -Wall -fstack-usage -MMD -MP -MF"Core/Src/global.d" -MT"Core/Src/global.o" --specs=nano.specs -mfloat-abi=soft -mthumb -o "Core/Src/global.o"
In file included from ../Core/Src/fsm_pedestrian.c:9:
../Core/Inc/global.h:25:8: warning: type defaults to 'int' in declaration of 'dutyCycle' [-Wimplicit-int]
   25 | extern dutyCycle;
      |        ^~~~~~~~~
../Core/Inc/global.h:40:2: error: invalid preprocessing directive #definr; did you mean #define?
   40 | #definr BUZ_OFF  31
      |  ^~~~~~
      |  define
../Core/Src/fsm_pedestrian.c: In function 'fsm_pedestrian_processing':
../Core/Src/fsm_pedestrian.c:21:5: error: 'status_buzzer' undeclared (first use in this function); did you mean 'status_ped'?
   21 |     status_buzzer=OFF;
      |     ^~~~~~~~~~~~~
      |     status_ped
../Core/Src/fsm_pedestrian.c:21:5: note: each undeclared identifier is reported only once for each function it appears in
../Core/Src/fsm_pedestrian.c:21:19: error: 'OFF' undeclared (first use in this function)
   21 |     status_buzzer=OFF;
      |                   ^~~
In file included from ../Core/Src/fsm_auto.c:9:
../Core/Inc/global.h:25:8: warning: type defaults to 'int' in declaration of 'dutyCycle' [-Wimplicit-int]
   25 | extern dutyCycle;
      |        ^~~~~~~~~
../Core/Inc/global.h:40:2: error: invalid preprocessing directive #definr; did you mean #define?
   40 | #definr BUZ_OFF  31
      |  ^~~~~~
      |  define
../Core/Src/fsm_pedestrian.c:42:19: error: 'ON' undeclared (first use in this function)
   42 |     status_buzzer=ON;
      |                   ^~
In file included from ../Core/Src/fsm_manual.c:9:
../Core/Inc/global.h:25:8: warning: type defaults to 'int' in declaration of 'dutyCycle' [-Wimplicit-int]
   25 | extern dutyCycle;
      |        ^~~~~~~~~
../Core/Inc/global.h:40:2: error: invalid preprocessing directive #definr; did you mean #define?
   40 | #definr BUZ_OFF  31
      |  ^~~~~~
      |  define
In file included from ../Core/Src/global.c:8:
../Core/Inc/global.h:25:8: warning: type defaults to 'int' in declaration of 'dutyCycle' [-Wimplicit-int]
   25 | extern dutyCycle;
      |        ^~~~~~~~~
../Core/Inc/global.h:40:2: error: invalid preprocessing directive #definr; did you mean #define?
   40 | #definr BUZ_OFF  31
      |  ^~~~~~
      |  define
../Core/Src/global.c:12:21: error: 'OFF' undeclared here (not in a function)
   12 | int status_buzzer = OFF;
      |                     ^~~
make: *** [Core/Src/subdir.mk:55: Core/Src/fsm_auto.o] Error 1
make: *** Waiting for unfinished jobs....
make: *** [Core/Src/subdir.mk:55: Core/Src/fsm_pedestrian.o] Error 1
make: *** [Core/Src/subdir.mk:55: Core/Src/fsm_manual.o] Error 1
make: *** [Core/Src/subdir.mk:55: Core/Src/global.o] Error 1
"make -j4 all" terminated with exit code 2. Build might be incomplete.
15:48:50 **** Incremental Build of configuration Debug for project stm32 ****
make -j4 all 
arm-none-eabi-gcc "../Core/Src/fsm_auto.c" -mcpu=cortex-m3 -std=gnu11 -g3 -DDEBUG -DUSE_HAL_DRIVER -DSTM32F103xB -c -I../Core/Inc -I../Drivers/STM32F1xx_HAL_Driver/Inc -I../Drivers/STM32F1xx_HAL_Driver/Inc/Legacy -I../Drivers/CMSIS/Device/ST/STM32F1xx/Include -I../Drivers/CMSIS/Include -O0 -ffunction-sections -fdata-sections -Wall -fstack-usage -MMD -MP -MF"Core/Src/fsm_auto.d" -MT"Core/Src/fsm_auto.o" --specs=nano.specs -mfloat-abi=soft -mthumb -o "Core/Src/fsm_auto.o"
arm-none-eabi-gcc "../Core/Src/fsm_manual.c" -mcpu=cortex-m3 -std=gnu11 -g3 -DDEBUG -DUSE_HAL_DRIVER -DSTM32F103xB -c -I../Core/Inc -I../Drivers/STM32F1xx_HAL_Driver/Inc -I../Drivers/STM32F1xx_HAL_Driver/Inc/Legacy -I../Drivers/CMSIS/Device/ST/STM32F1xx/Include -I../Drivers/CMSIS/Include -O0 -ffunction-sections -fdata-sections -Wall -fstack-usage -MMD -MP -MF"Core/Src/fsm_manual.d" -MT"Core/Src/fsm_manual.o" --specs=nano.specs -mfloat-abi=soft -mthumb -o "Core/Src/fsm_manual.o"
arm-none-eabi-gcc "../Core/Src/fsm_pedestrian.c" -mcpu=cortex-m3 -std=gnu11 -g3 -DDEBUG -DUSE_HAL_DRIVER -DSTM32F103xB -c -I../Core/Inc -I../Drivers/STM32F1xx_HAL_Driver/Inc -I../Drivers/STM32F1xx_HAL_Driver/Inc/Legacy -I../Drivers/CMSIS/Device/ST/STM32F1xx/Include -I../Drivers/CMSIS/Include -O0 -ffunction-sections -fdata-sections -Wall -fstack-usage -MMD -MP -MF"Core/Src/fsm_pedestrian.d" -MT"Core/Src/fsm_pedestrian.o" --specs=nano.specs -mfloat-abi=soft -mthumb -o "Core/Src/fsm_pedestrian.o"
arm-none-eabi-gcc "../Core/Src/global.c" -mcpu=cortex-m3 -std=gnu11 -g3 -DDEBUG -DUSE_HAL_DRIVER -DSTM32F103xB -c -I../Core/Inc -I../Drivers/STM32F1xx_HAL_Driver/Inc -I../Drivers/STM32F1xx_HAL_Driver/Inc/Legacy -I../Drivers/CMSIS/Device/ST/STM32F1xx/Include -I../Drivers/CMSIS/Include -O0 -ffunction-sections -fdata-sections -Wall -fstack-usage -MMD -MP -MF"Core/Src/global.d" -MT"Core/Src/global.o" --specs=nano.specs -mfloat-abi=soft -mthumb -o "Core/Src/global.o"
In file included from ../Core/Src/fsm_manual.c:9:
../Core/Inc/global.h:40:2: error: invalid preprocessing directive #definr; did you mean #define?
   40 | #definr BUZ_OFF  31
      |  ^~~~~~
      |  define
In file included from ../Core/Src/fsm_pedestrian.c:9:
../Core/Inc/global.h:40:2: error: invalid preprocessing directive #definr; did you mean #define?
   40 | #definr BUZ_OFF  31
      |  ^~~~~~
      |  define
../Core/Src/fsm_pedestrian.c: In function 'fsm_pedestrian_processing':
../Core/Src/fsm_pedestrian.c:21:5: error: 'status_buzzer' undeclared (first use in this function); did you mean 'status_ped'?
   21 |     status_buzzer=OFF;
      |     ^~~~~~~~~~~~~
      |     status_ped
../Core/Src/fsm_pedestrian.c:21:5: note: each undeclared identifier is reported only once for each function it appears in
In file included from ../Core/Src/fsm_auto.c:9:
../Core/Inc/global.h:40:2: error: invalid preprocessing directive #definr; did you mean #define?
   40 | #definr BUZ_OFF  31
      |  ^~~~~~
      |  define
../Core/Src/fsm_pedestrian.c:21:19: error: 'OFF' undeclared (first use in this function)
   21 |     status_buzzer=OFF;
      |                   ^~~
../Core/Src/fsm_pedestrian.c:42:19: error: 'ON' undeclared (first use in this function)
   42 |     status_buzzer=ON;
      |                   ^~
In file included from ../Core/Src/global.c:8:
../Core/Inc/global.h:40:2: error: invalid preprocessing directive #definr; did you mean #define?
   40 | #definr BUZ_OFF  31
      |  ^~~~~~
      |  define
../Core/Src/global.c:12:21: error: 'OFF' undeclared here (not in a function)
   12 | int status_buzzer = OFF;
      |                     ^~~
make: *** [Core/Src/subdir.mk:55: Core/Src/fsm_manual.o] Error 1
make: *** Waiting for unfinished jobs....
make: *** [Core/Src/subdir.mk:55: Core/Src/fsm_auto.o] Error 1
make: *** [Core/Src/subdir.mk:55: Core/Src/fsm_pedestrian.o] Error 1
make: *** [Core/Src/subdir.mk:55: Core/Src/global.o] Error 1
"make -j4 all" terminated with exit code 2. Build might be incomplete.
15:49:31 **** Incremental Build of configuration Debug for project stm32 ****
make -j4 all 
arm-none-eabi-gcc "../Core/Src/fsm_auto.c" -mcpu=cortex-m3 -std=gnu11 -g3 -DDEBUG -DUSE_HAL_DRIVER -DSTM32F103xB -c -I../Core/Inc -I../Drivers/STM32F1xx_HAL_Driver/Inc -I../Drivers/STM32F1xx_HAL_Driver/Inc/Legacy -I../Drivers/CMSIS/Device/ST/STM32F1xx/Include -I../Drivers/CMSIS/Include -O0 -ffunction-sections -fdata-sections -Wall -fstack-usage -MMD -MP -MF"Core/Src/fsm_auto.d" -MT"Core/Src/fsm_auto.o" --specs=nano.specs -mfloat-abi=soft -mthumb -o "Core/Src/fsm_auto.o"
arm-none-eabi-gcc "../Core/Src/fsm_manual.c" -mcpu=cortex-m3 -std=gnu11 -g3 -DDEBUG -DUSE_HAL_DRIVER -DSTM32F103xB -c -I../Core/Inc -I../Drivers/STM32F1xx_HAL_Driver/Inc -I../Drivers/STM32F1xx_HAL_Driver/Inc/Legacy -I../Drivers/CMSIS/Device/ST/STM32F1xx/Include -I../Drivers/CMSIS/Include -O0 -ffunction-sections -fdata-sections -Wall -fstack-usage -MMD -MP -MF"Core/Src/fsm_manual.d" -MT"Core/Src/fsm_manual.o" --specs=nano.specs -mfloat-abi=soft -mthumb -o "Core/Src/fsm_manual.o"
arm-none-eabi-gcc "../Core/Src/fsm_pedestrian.c" -mcpu=cortex-m3 -std=gnu11 -g3 -DDEBUG -DUSE_HAL_DRIVER -DSTM32F103xB -c -I../Core/Inc -I../Drivers/STM32F1xx_HAL_Driver/Inc -I../Drivers/STM32F1xx_HAL_Driver/Inc/Legacy -I../Drivers/CMSIS/Device/ST/STM32F1xx/Include -I../Drivers/CMSIS/Include -O0 -ffunction-sections -fdata-sections -Wall -fstack-usage -MMD -MP -MF"Core/Src/fsm_pedestrian.d" -MT"Core/Src/fsm_pedestrian.o" --specs=nano.specs -mfloat-abi=soft -mthumb -o "Core/Src/fsm_pedestrian.o"
arm-none-eabi-gcc "../Core/Src/global.c" -mcpu=cortex-m3 -std=gnu11 -g3 -DDEBUG -DUSE_HAL_DRIVER -DSTM32F103xB -c -I../Core/Inc -I../Drivers/STM32F1xx_HAL_Driver/Inc -I../Drivers/STM32F1xx_HAL_Driver/Inc/Legacy -I../Drivers/CMSIS/Device/ST/STM32F1xx/Include -I../Drivers/CMSIS/Include -O0 -ffunction-sections -fdata-sections -Wall -fstack-usage -MMD -MP -MF"Core/Src/global.d" -MT"Core/Src/global.o" --specs=nano.specs -mfloat-abi=soft -mthumb -o "Core/Src/global.o"
../Core/Src/fsm_pedestrian.c: In function 'fsm_pedestrian_processing':
../Core/Src/fsm_pedestrian.c:21:19: error: 'OFF' undeclared (first use in this function)
   21 |     status_buzzer=OFF;
      |                   ^~~
../Core/Src/fsm_pedestrian.c:21:19: note: each undeclared identifier is reported only once for each function it appears in
../Core/Src/fsm_pedestrian.c:42:19: error: 'ON' undeclared (first use in this function)
   42 |     status_buzzer=ON;
      |                   ^~
make: *** [Core/Src/subdir.mk:55: Core/Src/fsm_pedestrian.o] Error 1
make: *** Waiting for unfinished jobs....
../Core/Src/global.c:12:21: error: 'OFF' undeclared here (not in a function)
   12 | int status_buzzer = OFF;
      |                     ^~~
make: *** [Core/Src/subdir.mk:55: Core/Src/global.o] Error 1
"make -j4 all" terminated with exit code 2. Build might be incomplete.
15:50:51 **** Incremental Build of configuration Debug for project stm32 ****
make -j4 all 
arm-none-eabi-gcc "../Core/Src/fsm_pedestrian.c" -mcpu=cortex-m3 -std=gnu11 -g3 -DDEBUG -DUSE_HAL_DRIVER -DSTM32F103xB -c -I../Core/Inc -I../Drivers/STM32F1xx_HAL_Driver/Inc -I../Drivers/STM32F1xx_HAL_Driver/Inc/Legacy -I../Drivers/CMSIS/Device/ST/STM32F1xx/Include -I../Drivers/CMSIS/Include -O0 -ffunction-sections -fdata-sections -Wall -fstack-usage -MMD -MP -MF"Core/Src/fsm_pedestrian.d" -MT"Core/Src/fsm_pedestrian.o" --specs=nano.specs -mfloat-abi=soft -mthumb -o "Core/Src/fsm_pedestrian.o"
arm-none-eabi-gcc "../Core/Src/global.c" -mcpu=cortex-m3 -std=gnu11 -g3 -DDEBUG -DUSE_HAL_DRIVER -DSTM32F103xB -c -I../Core/Inc -I../Drivers/STM32F1xx_HAL_Driver/Inc -I../Drivers/STM32F1xx_HAL_Driver/Inc/Legacy -I../Drivers/CMSIS/Device/ST/STM32F1xx/Include -I../Drivers/CMSIS/Include -O0 -ffunction-sections -fdata-sections -Wall -fstack-usage -MMD -MP -MF"Core/Src/global.d" -MT"Core/Src/global.o" --specs=nano.specs -mfloat-abi=soft -mthumb -o "Core/Src/global.o"
arm-none-eabi-gcc "../Core/Src/main.c" -mcpu=cortex-m3 -std=gnu11 -g3 -DDEBUG -DUSE_HAL_DRIVER -DSTM32F103xB -c -I../Core/Inc -I../Drivers/STM32F1xx_HAL_Driver/Inc -I../Drivers/STM32F1xx_HAL_Driver/Inc/Legacy -I../Drivers/CMSIS/Device/ST/STM32F1xx/Include -I../Drivers/CMSIS/Include -O0 -ffunction-sections -fdata-sections -Wall -fstack-usage -MMD -MP -MF"Core/Src/main.d" -MT"Core/Src/main.o" --specs=nano.specs -mfloat-abi=soft -mthumb -o "Core/Src/main.o"
../Core/Src/main.c: In function 'fsm_buzzer_processing':
../Core/Src/main.c:70:10: error: 'status_buzzer' undeclared (first use in this function)
   70 |  switch (status_buzzer) {
      |          ^~~~~~~~~~~~~
../Core/Src/main.c:70:10: note: each undeclared identifier is reported only once for each function it appears in
../Core/Src/main.c:71:8: error: 'BUZ_ON' undeclared (first use in this function)
   71 |   case BUZ_ON:
      |        ^~~~~~
../Core/Src/main.c:73:8: error: 'redDuration' undeclared (first use in this function)
   73 |     if(redDuration<=5){
      |        ^~~~~~~~~~~
../Core/Src/main.c:75:6: error: 'dutyCycle' undeclared (first use in this function)
   75 |      dutyCycle+=40;
      |      ^~~~~~~~~
../Core/Src/main.c:79:22: error: 'numberCounter' undeclared (first use in this function)
   79 |      if((redDuration-numberCounter)<=5){
      |                      ^~~~~~~~~~~~~
../Core/Src/main.c:89:8: error: 'BUZ_OFF' undeclared (first use in this function)
   89 |   case BUZ_OFF:
      |        ^~~~~~~
make: *** [Core/Src/subdir.mk:55: Core/Src/main.o] Error 1
"make -j4 all" terminated with exit code 2. Build might be incomplete.
15:51:29 **** Incremental Build of configuration Debug for project stm32 ****
make -j4 all 
arm-none-eabi-gcc "../Core/Src/main.c" -mcpu=cortex-m3 -std=gnu11 -g3 -DDEBUG -DUSE_HAL_DRIVER -DSTM32F103xB -c -I../Core/Inc -I../Drivers/STM32F1xx_HAL_Driver/Inc -I../Drivers/STM32F1xx_HAL_Driver/Inc/Legacy -I../Drivers/CMSIS/Device/ST/STM32F1xx/Include -I../Drivers/CMSIS/Include -O0 -ffunction-sections -fdata-sections -Wall -fstack-usage -MMD -MP -MF"Core/Src/main.d" -MT"Core/Src/main.o" --specs=nano.specs -mfloat-abi=soft -mthumb -o "Core/Src/main.o"
arm-none-eabi-gcc -o "stm32.elf" @"objects.list"   -mcpu=cortex-m3 -T"E:\221\MCU\MCU_Project\stm32\STM32F103RBTX_FLASH.ld" --specs=nosys.specs -Wl,-Map="stm32.map" -Wl,--gc-sections -static --specs=nano.specs -mfloat-abi=soft -mthumb -Wl,--start-group -lc -lm -Wl,--end-group
Finished building target: stm32.elf
 
arm-none-eabi-size   stm32.elf 
arm-none-eabi-objdump -h -S  stm32.elf  > "stm32.list"
arm-none-eabi-objcopy  -O ihex  stm32.elf  "stm32.hex"
arm-none-eabi-objcopy  -O binary  stm32.elf  "stm32.bin"
   text	   data	    bss	    dec	    hex	filename
  13372	    152	   1864	  15388	   3c1c	stm32.elf
Finished building: default.size.stdout
 
Finished building: stm32.hex
Finished building: stm32.bin
 
 
Finished building: stm32.list
 
15:51:41 **** Incremental Build of configuration Debug for project stm32 ****
make -j4 all 
arm-none-eabi-size   stm32.elf 
   text	   data	    bss	    dec	    hex	filename
  13372	    152	   1864	  15388	   3c1c	stm32.elf
Finished building: default.size.stdout
 
16:00:35 **** Incremental Build of configuration Debug for project stm32 ****
make -j4 all 
arm-none-eabi-gcc "../Core/Src/global.c" -mcpu=cortex-m3 -std=gnu11 -g3 -DDEBUG -DUSE_HAL_DRIVER -DSTM32F103xB -c -I../Core/Inc -I../Drivers/STM32F1xx_HAL_Driver/Inc -I../Drivers/STM32F1xx_HAL_Driver/Inc/Legacy -I../Drivers/CMSIS/Device/ST/STM32F1xx/Include -I../Drivers/CMSIS/Include -O0 -ffunction-sections -fdata-sections -Wall -fstack-usage -MMD -MP -MF"Core/Src/global.d" -MT"Core/Src/global.o" --specs=nano.specs -mfloat-abi=soft -mthumb -o "Core/Src/global.o"
arm-none-eabi-gcc "../Core/Src/main.c" -mcpu=cortex-m3 -std=gnu11 -g3 -DDEBUG -DUSE_HAL_DRIVER -DSTM32F103xB -c -I../Core/Inc -I../Drivers/STM32F1xx_HAL_Driver/Inc -I../Drivers/STM32F1xx_HAL_Driver/Inc/Legacy -I../Drivers/CMSIS/Device/ST/STM32F1xx/Include -I../Drivers/CMSIS/Include -O0 -ffunction-sections -fdata-sections -Wall -fstack-usage -MMD -MP -MF"Core/Src/main.d" -MT"Core/Src/main.o" --specs=nano.specs -mfloat-abi=soft -mthumb -o "Core/Src/main.o"
arm-none-eabi-gcc -o "stm32.elf" @"objects.list"   -mcpu=cortex-m3 -T"E:\221\MCU\MCU_Project\stm32\STM32F103RBTX_FLASH.ld" --specs=nosys.specs -Wl,-Map="stm32.map" -Wl,--gc-sections -static --specs=nano.specs -mfloat-abi=soft -mthumb -Wl,--start-group -lc -lm -Wl,--end-group
Finished building target: stm32.elf
 
arm-none-eabi-size   stm32.elf 
arm-none-eabi-objdump -h -S  stm32.elf  > "stm32.list"
arm-none-eabi-objcopy  -O ihex  stm32.elf  "stm32.hex"
arm-none-eabi-objcopy  -O binary  stm32.elf  "stm32.bin"
   text	   data	    bss	    dec	    hex	filename
  13368	    156	   1860	  15384	   3c18	stm32.elf
Finished building: default.size.stdout
 
Finished building: stm32.bin
Finished building: stm32.hex
 
 
Finished building: stm32.list
 
16:00:41 **** Incremental Build of configuration Debug for project stm32 ****
make -j4 all 
arm-none-eabi-size   stm32.elf 
   text	   data	    bss	    dec	    hex	filename
  13368	    156	   1860	  15384	   3c18	stm32.elf
Finished building: default.size.stdout
 
16:07:53 **** Incremental Build of configuration Debug for project stm32 ****
make -j4 all 
arm-none-eabi-gcc "../Core/Src/global.c" -mcpu=cortex-m3 -std=gnu11 -g3 -DDEBUG -DUSE_HAL_DRIVER -DSTM32F103xB -c -I../Core/Inc -I../Drivers/STM32F1xx_HAL_Driver/Inc -I../Drivers/STM32F1xx_HAL_Driver/Inc/Legacy -I../Drivers/CMSIS/Device/ST/STM32F1xx/Include -I../Drivers/CMSIS/Include -O0 -ffunction-sections -fdata-sections -Wall -fstack-usage -MMD -MP -MF"Core/Src/global.d" -MT"Core/Src/global.o" --specs=nano.specs -mfloat-abi=soft -mthumb -o "Core/Src/global.o"
arm-none-eabi-gcc "../Core/Src/main.c" -mcpu=cortex-m3 -std=gnu11 -g3 -DDEBUG -DUSE_HAL_DRIVER -DSTM32F103xB -c -I../Core/Inc -I../Drivers/STM32F1xx_HAL_Driver/Inc -I../Drivers/STM32F1xx_HAL_Driver/Inc/Legacy -I../Drivers/CMSIS/Device/ST/STM32F1xx/Include -I../Drivers/CMSIS/Include -O0 -ffunction-sections -fdata-sections -Wall -fstack-usage -MMD -MP -MF"Core/Src/main.d" -MT"Core/Src/main.o" --specs=nano.specs -mfloat-abi=soft -mthumb -o "Core/Src/main.o"
arm-none-eabi-gcc -o "stm32.elf" @"objects.list"   -mcpu=cortex-m3 -T"E:\221\MCU\MCU_Project\stm32\STM32F103RBTX_FLASH.ld" --specs=nosys.specs -Wl,-Map="stm32.map" -Wl,--gc-sections -static --specs=nano.specs -mfloat-abi=soft -mthumb -Wl,--start-group -lc -lm -Wl,--end-group
Finished building target: stm32.elf
 
arm-none-eabi-size   stm32.elf 
arm-none-eabi-objdump -h -S  stm32.elf  > "stm32.list"
arm-none-eabi-objcopy  -O ihex  stm32.elf  "stm32.hex"
arm-none-eabi-objcopy  -O binary  stm32.elf  "stm32.bin"
   text	   data	    bss	    dec	    hex	filename
  13372	    152	   1864	  15388	   3c1c	stm32.elf
Finished building: default.size.stdout
 
Finished building: stm32.hex
Finished building: stm32.bin
 
Finished building: stm32.list
 
 
16:08:04 **** Incremental Build of configuration Debug for project stm32 ****
make -j4 all 
arm-none-eabi-size   stm32.elf 
   text	   data	    bss	    dec	    hex	filename
  13372	    152	   1864	  15388	   3c1c	stm32.elf
Finished building: default.size.stdout
 
